
[2026-05-10 13:43:55.700] HR=93 SpO2=97 (raw:93/97 valid:1/1 sqi:1)
[2026-05-10 13:43:56.805] HR=93 SpO2=97 (raw:98/99 valid:1/1 sqi:1)
[2026-05-10 13:43:57.815] HR=93 SpO2=97 (raw:96/99 valid:1/1 sqi:1)

[2026-05-10 13:43:59.064] HR=95 SpO2=98 (raw:95/98 valid:1/1 sqi:1)

[2026-05-10 13:44:00.123] HR=95 SpO2=99 (raw:95/99 valid:1/1 sqi:1)

[2026-05-10 13:44:01.212] HR=96 SpO2=99 (raw:96/98 valid:1/1 sqi:1)

[2026-05-10 13:44:02.254] HR=96 SpO2=99 (raw:101/99 valid:1/1 sqi:1)

[2026-05-10 13:44:03.505] HR=95 SpO2=98 (raw:93/98 valid:1/1 sqi:1)

[2026-05-10 13:44:04.627] HR=95 SpO2=98 (raw:92/97 valid:1/1 sqi:1)

[2026-05-10 13:44:05.621] HR=93 SpO2=98 (raw:92/97 valid:1/1 sqi:1)
[2026-05-10 13:44:05.716] [GetTemp--2147478764]:i2c write failed
[2026-05-10 13:44:05.718] 788,83,98,0.0
[2026-05-10 13:44:05.813] [GetTemp--2147478764]:i2c write failed
[2026-05-10 13:44:05.815] 789,83,98,0.0
[2026-05-10 13:44:06.116] [GetTemp--2147478764]:i2c write failed
[2026-05-10 13:44:06.132] 790,83,98,0.0
[2026-05-10 13:44:06.228] [GetTemp--2147478764]:i2c write failed
[2026-05-10 13:44:06.230] 791,83,98,0.0
[2026-05-10 13:44:06.324] [GetTemp--2147478764]:i2c write failed
[2026-05-10 13:44:06.324] 792,83,98,0.0
[2026-05-10 13:44:06.420] [GetTemp--2147478764]:i2c write failed
[2026-05-10 13:44:06.422] 793,83,98,0.0
[2026-05-10 13:44:06.515] [GetTemp--2147478764]:i2c write failed
[2026-05-10 13:44:06.515] 794,83,98,0.0
[2026-05-10 13:44:06.756] HR=92 SpO2=97 (raw:92/97 valid:1/1 sqi:1)
[2026-05-10 13:44:06.836] [GetTemp--2147478764]:i2c write failed
[2026-05-10 13:44:06.836] 795,82,97,0.0
[2026-05-10 13:44:06.933] [GetTemp--2147478764]:i2c write failed
[2026-05-10 13:44:06.933] 796,82,97,0.0
[2026-05-10 13:44:07.029] [GetTemp--2147478764]:i2c write failed
[2026-05-10 13:44:07.029] 797,82,97,0.0
[2026-05-10 13:44:07.126] [GetTemp--2147478764]:i2c write failed
[2026-05-10 13:44:07.128] 798,82,97,0.0
[2026-05-10 13:44:07.238] [GetTemp--2147478764]:i2c write failed
[2026-05-10 13:44:07.238] 799,82,97,0.0
[2026-05-10 13:44:07.544] [GetTemp--2147478764]:i2c write failed
[2026-05-10 13:44:07.546] 800,82,97,0.0
[2026-05-10 13:44:07.640] [GetTemp--2147478764]:i2c write failed
[2026-05-10 13:44:07.643] 801,82,97,0.0
[2026-05-10 13:44:07.737] [GetTemp--2147478764]:i2c write failed
[2026-05-10 13:44:07.740] 802,82,97,0.0
[2026-05-10 13:44:07.849] [GetTemp--2147478764]:i2c write failed
[2026-05-10 13:44:07.849] 803,82,97,0.0
[2026-05-10 13:44:07.929] HR=92 SpO2=97 (raw:93/97 valid:1/1 sqi:1)
[2026-05-10 13:44:07.929] [GetTemp--2147478764]:i2c write failed
[2026-05-10 13:44:07.929] 804,82,97,0.0
[2026-05-10 13:44:08.250] [GetTemp--2147478764]:i2c write failed
[2026-05-10 13:44:08.252] 805,82,97,0.0
[2026-05-10 13:44:08.345] [GetTemp--2147478764]:i2c write failed
[2026-05-10 13:44:08.345] 806,82,97,0.0
[2026-05-10 13:44:08.457] [GetTemp--2147478764]:i2c write failed
[2026-05-10 13:44:08.459] 807,82,97,0.0
[2026-05-10 13:44:08.553] [GetTemp--2147478764]:i2c write failed
[2026-05-10 13:44:08.555] 808,82,97,0.0
[2026-05-10 13:44:08.649] [GetTemp--2147478764]:i2c write failed
[2026-05-10 13:44:08.649] 809,82,97,0.0
[2026-05-10 13:44:08.954] [GetTemp--2147478764]:i2c write failed
[2026-05-10 13:44:08.970] 810,82,97,0.0
[2026-05-10 13:44:09.034] HR=92 SpO2=97 (raw:92/98 valid:1/1 sqi:1)
[2026-05-10 13:44:09.050] [GetTemp--2147478764]:i2c write failed
[2026-05-10 13:44:09.050] 811,82,97,0.0
[2026-05-10 13:44:09.162] [GetTemp--2147478764]:i2c write failed
[2026-05-10 13:44:09.164] 812,82,97,0.0
[2026-05-10 13:44:09.257] [GetTemp--2147478764]:i2c write failed
[2026-05-10 13:44:09.257] 813,82,97,0.0
[2026-05-10 13:44:09.369] [GetTemp--2147478764]:i2c write failed
[2026-05-10 13:44:09.371] 814,82,97,0.0
[2026-05-10 13:44:09.675] [GetTemp--2147478764]:i2c write failed
[2026-05-10 13:44:09.677] 815,82,97,0.0
[2026-05-10 13:44:09.771] [GetTemp--2147478764]:i2c write failed
[2026-05-10 13:44:09.773] 816,82,97,0.0
[2026-05-10 13:44:09.867] [GetTemp--2147478764]:i2c write failed
[2026-05-10 13:44:09.867] 817,82,97,0.0
[2026-05-10 13:44:09.963] [GetTemp--2147478764]:i2c write failed
[2026-05-10 13:44:09.963] 818,82,97,0.0
[2026-05-10 13:44:10.060] HR=92 SpO2=97 (raw:92/97 valid:1/1 sqi:1)
[2026-05-10 13:44:10.060] [GetTemp--2147478764]:i2c write failed
[2026-05-10 13:44:10.067] 819,82,97,0.0
[2026-05-10 13:44:10.381] [GetTemp--2147478764]:i2c write failed
[2026-05-10 13:44:10.383] 820,82,97,0.0
[2026-05-10 13:44:10.477] [GetTemp--2147478764]:i2c write failed
[2026-05-10 13:44:10.479] 821,82,97,0.0
[2026-05-10 13:44:10.573] [GetTemp--2147478764]:i2c write failed
[2026-05-10 13:44:10.573] 822,82,97,0.0
[2026-05-10 13:44:10.685] [GetTemp--2147478764]:i2c write failed
[2026-05-10 13:44:10.687] 823,82,97,0.0
[2026-05-10 13:44:10.781] [GetTemp--2147478764]:i2c write failed
[2026-05-10 13:44:10.783] 824,82,97,0.0
[2026-05-10 13:44:11.085] [GetTemp--2147478764]:i2c write failed
[2026-05-10 13:44:11.101] 825,82,97,0.0
[2026-05-10 13:44:11.165] HR=92 SpO2=97 (raw:90/99 valid:1/1 sqi:1)
[2026-05-10 13:44:11.181] [GetTemp--2147478764]:i2c write failed
[2026-05-10 13:44:11.181] 826,82,97,0.0
[2026-05-10 13:44:11.294] [GetTemp--2147478764]:i2c write failed
[2026-05-10 13:44:11.296] 827,82,97,0.0
[2026-05-10 13:44:11.390] [GetTemp--2147478764]:i2c write failed
[2026-05-10 13:44:11.392] 828,82,97,0.0
[2026-05-10 13:44:11.486] [GetTemp--2147478764]:i2c write failed
[2026-05-10 13:44:11.489] 829,82,97,0.0
[2026-05-10 13:44:11.808] [GetTemp--2147478764]:i2c write failed
[2026-05-10 13:44:11.810] 830,82,97,0.0
[2026-05-10 13:44:11.905] [GetTemp--2147478764]:i2c write failed
[2026-05-10 13:44:11.906] 831,82,97,0.0
[2026-05-10 13:44:12.000] [GetTemp--2147478764]:i2c write failed
[2026-05-10 13:44:12.000] 832,82,97,0.0
[2026-05-10 13:44:12.096] [GetTemp--2147478764]:i2c write failed
[2026-05-10 13:44:12.098] 833,82,97,0.0
[2026-05-10 13:44:12.207] [GetTemp--2147478764]:i2c write failed
[2026-05-10 13:44:12.207] 834,82,97,0.0
[2026-05-10 13:44:12.430] HR=92 SpO2=98 (raw:90/98 valid:1/1 sqi:1)
[2026-05-10 13:44:12.509] [GetTemp--2147478764]:i2c write failed
[2026-05-10 13:44:12.509] 835,82,98,0.0
[2026-05-10 13:44:12.605] [GetTemp--2147478764]:i2c write failed
[2026-05-10 13:44:12.607] 836,82,98,0.0
[2026-05-10 13:44:12.717] [GetTemp--2147478764]:i2c write failed
[2026-05-10 13:44:12.719] 837,82,98,0.0
[2026-05-10 13:44:12.813] [GetTemp--2147478764]:i2c write failed
[2026-05-10 13:44:12.816] 838,82,98,0.0
[2026-05-10 13:44:12.910] [GetTemp--2147478764]:i2c write failed
[2026-05-10 13:44:12.912] 839,82,98,0.0
[2026-05-10 13:44:13.214] [GetTemp--2147478764]:i2c write failed
[2026-05-10 13:44:13.231] 840,82,98,0.0
[2026-05-10 13:44:13.326] [GetTemp--2147478764]:i2c write failed
[2026-05-10 13:44:13.326] 841,82,98,0.0
[2026-05-10 13:44:13.422] [GetTemp--2147478764]:i2c write failed
[2026-05-10 13:44:13.422] 842,82,98,0.0
[2026-05-10 13:44:13.435] HR=92 SpO2=98 (raw:95/98 valid:1/1 sqi:1)
[2026-05-10 13:44:13.518] [GetTemp--2147478764]:i2c write failed
[2026-05-10 13:44:13.520] 843,82,98,0.0
[2026-05-10 13:44:13.614] [GetTemp--2147478764]:i2c write failed
[2026-05-10 13:44:13.615] 844,82,98,0.0
[2026-05-10 13:44:13.935] [GetTemp--2147478764]:i2c write failed
[2026-05-10 13:44:13.936] 845,82,98,0.0
[2026-05-10 13:44:14.032] [GetTemp--2147478764]:i2c write failed
[2026-05-10 13:44:14.037] 846,82,98,0.0
[2026-05-10 13:44:14.128] [GetTemp--2147478764]:i2c write failed
[2026-05-10 13:44:14.130] 847,82,98,0.0
[2026-05-10 13:44:14.224] [GetTemp--2147478764]:i2c write failed
[2026-05-10 13:44:14.227] 848,82,98,0.0
[2026-05-10 13:44:14.337] [GetTemp--2147478764]:i2c write failed
[2026-05-10 13:44:14.339] 849,82,98,0.0
[2026-05-10 13:44:14.562] HR=92 SpO2=98 (raw:95/98 valid:1/1 sqi:1)
[2026-05-10 13:44:14.642] [GetTemp--2147478764]:i2c write failed
[2026-05-10 13:44:14.643] 850,82,98,0.0
[2026-05-10 13:44:14.738] [GetTemp--2147478764]:i2c write failed
[2026-05-10 13:44:14.741] 851,82,98,0.0
[2026-05-10 13:44:14.834] [GetTemp--2147478764]:i2c write failed
[2026-05-10 13:44:14.834] 852,82,98,0.0
[2026-05-10 13:44:14.946] [GetTemp--2147478764]:i2c write failed
[2026-05-10 13:44:14.946] 853,82,98,0.0
[2026-05-10 13:44:15.043] [GetTemp--2147478764]:i2c write failed
[2026-05-10 13:44:15.043] 854,82,98,0.0
[2026-05-10 13:44:15.347] [GetTemp--2147478764]:i2c write failed
[2026-05-10 13:44:15.349] 855,82,98,0.0
[2026-05-10 13:44:15.459] [GetTemp--2147478764]:i2c write failed
[2026-05-10 13:44:15.461] 856,82,98,0.0
[2026-05-10 13:44:15.556] [GetTemp--2147478764]:i2c write failed
[2026-05-10 13:44:15.559] 857,82,98,0.0
[2026-05-10 13:44:15.571] HR=93 SpO2=98 (raw:93/98 valid:1/1 sqi:1)
[2026-05-10 13:44:15.651] [GetTemp--2147478764]:i2c write failed
[2026-05-10 13:44:15.653] 858,83,98,0.0
[2026-05-10 13:44:15.747] [GetTemp--2147478764]:i2c write failed
[2026-05-10 13:44:15.750] 859,83,98,0.0
[2026-05-10 13:44:16.067] [GetTemp--2147478764]:i2c write failed
[2026-05-10 13:44:16.069] 860,83,98,0.0
[2026-05-10 13:44:16.164] [GetTemp--2147478764]:i2c write failed
[2026-05-10 13:44:16.167] 861,83,98,0.0
[2026-05-10 13:44:16.260] [GetTemp--2147478764]:i2c write failed
[2026-05-10 13:44:16.264] 862,83,98,0.0
[2026-05-10 13:44:16.354] [GetTemp--2147478764]:i2c write failed
[2026-05-10 13:44:16.370] 863,83,98,0.0
[2026-05-10 13:44:16.466] [GetTemp--2147478764]:i2c write failed
[2026-05-10 13:44:16.466] 864,83,98,0.0
[2026-05-10 13:44:16.771] [GetTemp--2147478764]:i2c write failed
[2026-05-10 13:44:16.773] 865,83,98,0.0
[2026-05-10 13:44:16.836] HR=93 SpO2=98 (raw:92/99 valid:1/1 sqi:1)
[2026-05-10 13:44:16.852] [GetTemp--2147478764]:i2c write failed
[2026-05-10 13:44:16.852] 866,83,98,0.0
[2026-05-10 13:44:16.979] [GetTemp--2147478764]:i2c write failed
[2026-05-10 13:44:16.979] 867,83,98,0.0
[2026-05-10 13:44:17.075] [GetTemp--2147478764]:i2c write failed
[2026-05-10 13:44:17.079] 868,83,98,0.0
[2026-05-10 13:44:17.171] [GetTemp--2147478764]:i2c write failed
[2026-05-10 13:44:17.171] 869,83,98,0.0
[2026-05-10 13:44:17.476] [GetTemp--2147478764]:i2c write failed
[2026-05-10 13:44:17.492] 870,83,98,0.0
[2026-05-10 13:44:17.589] [GetTemp--2147478764]:i2c write failed
[2026-05-10 13:44:17.591] 871,83,98,0.0
[2026-05-10 13:44:17.685] [GetTemp--2147478764]:i2c write failed
[2026-05-10 13:44:17.685] 872,83,98,0.0
[2026-05-10 13:44:17.781] [GetTemp--2147478764]:i2c write failed
[2026-05-10 13:44:17.781] 873,83,98,0.0
[2026-05-10 13:44:17.877] HR=93 SpO2=98 (raw:89/97 valid:1/1 sqi:1)
[2026-05-10 13:44:17.881] [GetTemp--2147478764]:i2c write failed
[2026-05-10 13:44:17.881] 874,83,98,0.0
[2026-05-10 13:44:18.197] [GetTemp--2147478764]:i2c write failed
[2026-05-10 13:44:18.199] 875,83,98,0.0
[2026-05-10 13:44:18.293] [GetTemp--2147478764]:i2c write failed
[2026-05-10 13:44:18.296] 876,83,98,0.0
[2026-05-10 13:44:18.388] [GetTemp--2147478764]:i2c write failed
[2026-05-10 13:44:18.388] 877,83,98,0.0
[2026-05-10 13:44:18.484] [GetTemp--2147478764]:i2c write failed
[2026-05-10 13:44:18.484] 878,83,98,0.0
[2026-05-10 13:44:18.596] [GetTemp--2147478764]:i2c write failed
[2026-05-10 13:44:18.599] 879,83,98,0.0
[2026-05-10 13:44:18.901] [GetTemp--2147478764]:i2c write failed
[2026-05-10 13:44:18.903] 880,83,98,0.0
[2026-05-10 13:44:18.982] HR=93 SpO2=98 (raw:93/98 valid:1/1 sqi:1)
[2026-05-10 13:44:18.990] [GetTemp--2147478764]:i2c write failed
[2026-05-10 13:44:18.996] 881,83,98,0.0
[2026-05-10 13:44:19.094] [GetTemp--2147478764]:i2c write failed
[2026-05-10 13:44:19.100] 882,83,98,0.0
[2026-05-10 13:44:19.205] [GetTemp--2147478764]:i2c write failed
[2026-05-10 13:44:19.205] 883,83,98,0.0
[2026-05-10 13:44:19.301] [GetTemp--2147478764]:i2c write failed
[2026-05-10 13:44:19.301] 884,83,98,0.0
[2026-05-10 13:44:19.607] [GetTemp--2147478764]:i2c write failed
[2026-05-10 13:44:19.609] 885,83,98,0.0
[2026-05-10 13:44:19.719] [GetTemp--2147478764]:i2c write failed
[2026-05-10 13:44:19.719] 886,83,98,0.0
[2026-05-10 13:44:19.815] [GetTemp--2147478764]:i2c write failed
[2026-05-10 13:44:19.817] 887,83,98,0.0
[2026-05-10 13:44:19.911] [GetTemp--2147478764]:i2c write failed
[2026-05-10 13:44:19.913] 888,83,98,0.0
[2026-05-10 13:44:19.991] HR=92 SpO2=98 (raw:92/98 valid:1/1 sqi:1)
[2026-05-10 13:44:19.991] [GetTemp--2147478764]:i2c write failed
[2026-05-10 13:44:20.007] 889,82,98,0.0
[2026-05-10 13:44:20.328] [GetTemp--2147478764]:i2c write failed
[2026-05-10 13:44:20.330] 890,82,98,0.0
[2026-05-10 13:44:20.424] [GetTemp--2147478764]:i2c write failed
[2026-05-10 13:44:20.427] 891,82,98,0.0
[2026-05-10 13:44:20.520] [GetTemp--2147478764]:i2c write failed
[2026-05-10 13:44:20.520] 892,82,98,0.0
[2026-05-10 13:44:20.615] [GetTemp--2147478764]:i2c write failed
[2026-05-10 13:44:20.618] 893,82,98,0.0
[2026-05-10 13:44:20.728] [GetTemp--2147478764]:i2c write failed
[2026-05-10 13:44:20.729] 894,82,98,0.0
[2026-05-10 13:44:21.033] [GetTemp--2147478764]:i2c write failed
[2026-05-10 13:44:21.036] 895,82,98,0.0
[2026-05-10 13:44:21.129] [GetTemp--2147478764]:i2c write failed
[2026-05-10 13:44:21.132] 896,82,98,0.0
[2026-05-10 13:44:21.225] [GetTemp--2147478764]:i2c write failed
[2026-05-10 13:44:21.227] 897,82,98,0.0
[2026-05-10 13:44:21.241] HR=92 SpO2=98 (raw:92/97 valid:1/1 sqi:1)
[2026-05-10 13:44:21.337] [GetTemp--2147478764]:i2c write failed
[2026-05-10 13:44:21.339] 898,82,98,0.0
[2026-05-10 13:44:21.433] [GetTemp--2147478764]:i2c write failed
[2026-05-10 13:44:21.436] 899,82,98,0.0
[2026-05-10 13:44:21.739] [GetTemp--2147478764]:i2c write failed
[2026-05-10 13:44:21.741] 900,82,98,0.0
[2026-05-10 13:44:21.835] [GetTemp--2147478764]:i2c write failed
[2026-05-10 13:44:21.835] 901,82,98,0.0
[2026-05-10 13:44:21.947] [GetTemp--2147478764]:i2c write failed
[2026-05-10 13:44:21.950] 902,82,98,0.0
[2026-05-10 13:44:22.044] [GetTemp--2147478764]:i2c write failed
[2026-05-10 13:44:22.046] 903,82,98,0.0
[2026-05-10 13:44:22.140] [GetTemp--2147478764]:i2c write failed
[2026-05-10 13:44:22.140] 904,82,98,0.0
[2026-05-10 13:44:22.365] HR=92 SpO2=97 (raw:117/97 valid:1/1 sqi:1)
[2026-05-10 13:44:22.444] [GetTemp--2147478764]:i2c write failed
[2026-05-10 13:44:22.450] 905,82,97,0.0
[2026-05-10 13:44:22.557] [GetTemp--2147478764]:i2c write failed
[2026-05-10 13:44:22.557] 906,82,97,0.0
[2026-05-10 13:44:22.653] [GetTemp--2147478764]:i2c write failed
[2026-05-10 13:44:22.655] 907,82,97,0.0
[2026-05-10 13:44:22.749] [GetTemp--2147478764]:i2c write failed
[2026-05-10 13:44:22.751] 908,82,97,0.0
[2026-05-10 13:44:22.845] [GetTemp--2147478764]:i2c write failed
[2026-05-10 13:44:22.850] 909,82,97,0.0
[2026-05-10 13:44:23.164] [GetTemp--2147478764]:i2c write failed
[2026-05-10 13:44:23.167] 910,82,97,0.0
[2026-05-10 13:44:23.260] [GetTemp--2147478764]:i2c write failed
[2026-05-10 13:44:23.262] 911,82,97,0.0
[2026-05-10 13:44:23.356] [GetTemp--2147478764]:i2c write failed
[2026-05-10 13:44:23.356] 912,82,97,0.0
[2026-05-10 13:44:23.372] HR=93 SpO2=97 (raw:96/97 valid:1/1 sqi:1)
[2026-05-10 13:44:23.466] [GetTemp--2147478764]:i2c write failed
[2026-05-10 13:44:23.466] 913,83,97,0.0
[2026-05-10 13:44:23.562] [GetTemp--2147478764]:i2c write failed
[2026-05-10 13:44:23.562] 914,83,97,0.0
[2026-05-10 13:44:23.866] [GetTemp--2147478764]:i2c write failed
[2026-05-10 13:44:23.882] 915,83,97,0.0
[2026-05-10 13:44:23.978] [GetTemp--2147478764]:i2c write failed
[2026-05-10 13:44:23.981] 916,83,97,0.0
[2026-05-10 13:44:24.075] [GetTemp--2147478764]:i2c write failed
[2026-05-10 13:44:24.077] 917,83,97,0.0
[2026-05-10 13:44:24.171] [GetTemp--2147478764]:i2c write failed
[2026-05-10 13:44:24.171] 918,83,97,0.0
[2026-05-10 13:44:24.267] [GetTemp--2147478764]:i2c write failed
[2026-05-10 13:44:24.271] 919,83,97,0.0
[2026-05-10 13:44:24.508] HR=96 SpO2=97 (raw:98/98 valid:1/1 sqi:1)
[2026-05-10 13:44:24.588] [GetTemp--2147478764]:i2c write failed
[2026-05-10 13:44:24.588] 920,86,97,0.0
[2026-05-10 13:44:24.684] [GetTemp--2147478764]:i2c write failed
[2026-05-10 13:44:24.686] 921,86,97,0.0
[2026-05-10 13:44:24.780] [GetTemp--2147478764]:i2c write failed
[2026-05-10 13:44:24.780] 922,86,97,0.0
[2026-05-10 13:44:24.876] [GetTemp--2147478764]:i2c write failed
[2026-05-10 13:44:24.876] 923,86,97,0.0
[2026-05-10 13:44:24.988] [GetTemp--2147478764]:i2c write failed
[2026-05-10 13:44:24.988] 924,86,97,0.0
[2026-05-10 13:44:25.292] [GetTemp--2147478764]:i2c write failed
[2026-05-10 13:44:25.294] 925,86,97,0.0
[2026-05-10 13:44:25.387] [GetTemp--2147478764]:i2c write failed
[2026-05-10 13:44:25.387] 926,86,97,0.0
[2026-05-10 13:44:25.499] [GetTemp--2147478764]:i2c write failed
[2026-05-10 13:44:25.501] 927,86,97,0.0
[2026-05-10 13:44:25.594] [GetTemp--2147478764]:i2c write failed
[2026-05-10 13:44:25.594] 928,86,97,0.0
[2026-05-10 13:44:25.675] HR=96 SpO2=97 (raw:96/97 valid:1/1 sqi:1)
[2026-05-10 13:44:25.684] [GetTemp--2147478764]:i2c write failed
[2026-05-10 13:44:25.691] 929,86,97,0.0
[2026-05-10 13:44:25.997] [GetTemp--2147478764]:i2c write failed
[2026-05-10 13:44:26.013] 930,86,97,0.0
[2026-05-10 13:44:26.109] [GetTemp--2147478764]:i2c write failed
[2026-05-10 13:44:26.111] 931,86,97,0.0
[2026-05-10 13:44:26.205] [GetTemp--2147478764]:i2c write failed
[2026-05-10 13:44:26.205] 932,86,97,0.0
[2026-05-10 13:44:26.302] [GetTemp--2147478764]:i2c write failed
[2026-05-10 13:44:26.302] 933,86,97,0.0
[2026-05-10 13:44:26.398] [GetTemp--2147478764]:i2c write failed
[2026-05-10 13:44:26.398] 934,86,97,0.0
[2026-05-10 13:44:26.637] HR=96 SpO2=97 (raw:90/97 valid:1/1 sqi:1)
[2026-05-10 13:44:26.717] [GetTemp--2147478764]:i2c write failed
[2026-05-10 13:44:26.717] 935,86,97,0.0
[2026-05-10 13:44:26.812] [GetTemp--2147478764]:i2c write failed
[2026-05-10 13:44:26.814] 936,86,97,0.0
[2026-05-10 13:44:26.909] [GetTemp--2147478764]:i2c write failed
[2026-05-10 13:44:26.909] 937,86,97,0.0
[2026-05-10 13:44:27.004] [GetTemp--2147478764]:i2c write failed
[2026-05-10 13:44:27.010] 938,86,97,0.0
[2026-05-10 13:44:27.117] [GetTemp--2147478764]:i2c write failed
[2026-05-10 13:44:27.119] 939,86,97,0.0
[2026-05-10 13:44:27.423] [GetTemp--2147478764]:i2c write failed
[2026-05-10 13:44:27.425] 940,86,97,0.0
[2026-05-10 13:44:27.519] [GetTemp--2147478764]:i2c write failed
[2026-05-10 13:44:27.521] 941,86,97,0.0
[2026-05-10 13:44:27.614] [GetTemp--2147478764]:i2c write failed
[2026-05-10 13:44:27.615] 942,86,97,0.0
[2026-05-10 13:44:27.726] [GetTemp--2147478764]:i2c write failed
[2026-05-10 13:44:27.726] 943,86,97,0.0
[2026-05-10 13:44:27.806] HR=96 SpO2=97 (raw:98/97 valid:1/1 sqi:1)
[2026-05-10 13:44:27.822] [GetTemp--2147478764]:i2c write failed
[2026-05-10 13:44:27.823] 944,86,97,0.0
[2026-05-10 13:44:28.127] [GetTemp--2147478764]:i2c write failed
[2026-05-10 13:44:28.143] 945,86,97,0.0
[2026-05-10 13:44:28.223] [GetTemp--2147478764]:i2c write failed
[2026-05-10 13:44:28.228] 946,86,97,0.0
[2026-05-10 13:44:28.336] [GetTemp--2147478764]:i2c write failed
[2026-05-10 13:44:28.338] 947,86,97,0.0
[2026-05-10 13:44:28.431] [GetTemp--2147478764]:i2c write failed
[2026-05-10 13:44:28.433] 948,86,97,0.0
[2026-05-10 13:44:28.527] [GetTemp--2147478764]:i2c write failed
[2026-05-10 13:44:28.527] 949,86,97,0.0
[2026-05-10 13:44:28.849] [GetTemp--2147478764]:i2c write failed
[2026-05-10 13:44:28.851] 950,86,97,0.0
[2026-05-10 13:44:28.913] HR=96 SpO2=97 (raw:86/98 valid:1/1 sqi:1)
[2026-05-10 13:44:28.934] [GetTemp--2147478764]:i2c write failed
[2026-05-10 13:44:28.934] 951,86,97,0.0
[2026-05-10 13:44:29.041] [GetTemp--2147478764]:i2c write failed
[2026-05-10 13:44:29.043] 952,86,97,0.0
[2026-05-10 13:44:29.137] [GetTemp--2147478764]:i2c write failed
[2026-05-10 13:44:29.139] 953,86,97,0.0
[2026-05-10 13:44:29.249] [GetTemp--2147478764]:i2c write failed
[2026-05-10 13:44:29.251] 954,86,97,0.0
[2026-05-10 13:44:29.554] [GetTemp--2147478764]:i2c write failed
[2026-05-10 13:44:29.556] 955,86,97,0.0
[2026-05-10 13:44:29.650] [GetTemp--2147478764]:i2c write failed
[2026-05-10 13:44:29.650] 956,86,97,0.0
[2026-05-10 13:44:29.746] [GetTemp--2147478764]:i2c write failed
[2026-05-10 13:44:29.746] 957,86,97,0.0
[2026-05-10 13:44:29.858] [GetTemp--2147478764]:i2c write failed
[2026-05-10 13:44:29.858] 958,86,97,0.0
[2026-05-10 13:44:29.954] [GetTemp--2147478764]:i2c write failed
[2026-05-10 13:44:29.954] 959,86,97,0.0
[2026-05-10 13:44:30.178] HR=90 SpO2=97 (raw:88/98 valid:1/1 sqi:1)
[2026-05-10 13:44:30.258] [GetTemp--2147478764]:i2c write failed
[2026-05-10 13:44:30.258] 960,80,97,0.0
[2026-05-10 13:44:30.354] [GetTemp--2147478764]:i2c write failed
[2026-05-10 13:44:30.356] 961,80,97,0.0
[2026-05-10 13:44:30.466] [GetTemp--2147478764]:i2c write failed
[2026-05-10 13:44:30.466] 962,80,97,0.0
[2026-05-10 13:44:30.563] [GetTemp--2147478764]:i2c write failed
[2026-05-10 13:44:30.563] 963,80,97,0.0
[2026-05-10 13:44:30.659] [GetTemp--2147478764]:i2c write failed
[2026-05-10 13:44:30.661] 964,80,97,0.0
[2026-05-10 13:44:30.978] [GetTemp--2147478764]:i2c write failed
[2026-05-10 13:44:30.980] 965,80,97,0.0
[2026-05-10 13:44:31.042] ReadLicenseData(), failed to get licdata string
[2026-05-10 13:44:31.044] VerifyLicense(), cannot read license data files
[2026-05-10 13:44:31.044] license_task_main() verify license invalid, reboot after 58 mins
[2026-05-10 13:44:31.062] [GetTemp--2147478764]:i2c write failed
[2026-05-10 13:44:31.064] 966,80,97,0.0
[2026-05-10 13:44:31.169] [GetTemp--2147478764]:i2c write failed
[2026-05-10 13:44:31.169] 967,80,97,0.0
[2026-05-10 13:44:31.192] HR=88 SpO2=98 (raw:86/98 valid:1/1 sqi:1)
[2026-05-10 13:44:31.265] [GetTemp--2147478764]:i2c write failed
[2026-05-10 13:44:31.280] 968,78,98,0.0
[2026-05-10 13:44:31.376] [GetTemp--2147478764]:i2c write failed
[2026-05-10 13:44:31.378] 969,78,98,0.0
[2026-05-10 13:44:31.680] [GetTemp--2147478764]:i2c write failed
[2026-05-10 13:44:31.680] 970,78,98,0.0
[2026-05-10 13:44:31.776] [GetTemp--2147478764]:i2c write failed
[2026-05-10 13:44:31.776] 971,78,98,0.0
[2026-05-10 13:44:31.889] [GetTemp--2147478764]:i2c write failed
[2026-05-10 13:44:31.891] 972,78,98,0.0
[2026-05-10 13:44:31.986] [GetTemp--2147478764]:i2c write failed
[2026-05-10 13:44:31.986] 973,78,98,0.0
[2026-05-10 13:44:32.082] [GetTemp--2147478764]:i2c write failed
[2026-05-10 13:44:32.082] 974,78,98,0.0
[2026-05-10 13:44:32.305] HR=88 SpO2=98 (raw:89/97 valid:1/1 sqi:1)
[2026-05-10 13:44:32.384] [GetTemp--2147478764]:i2c write failed
[2026-05-10 13:44:32.400] 975,78,98,0.0
[2026-05-10 13:44:32.496] [GetTemp--2147478764]:i2c write failed
[2026-05-10 13:44:32.498] 976,78,98,0.0
[2026-05-10 13:44:32.593] [GetTemp--2147478764]:i2c write failed
[2026-05-10 13:44:32.593] 977,78,98,0.0
[2026-05-10 13:44:32.689] [GetTemp--2147478764]:i2c write failed
[2026-05-10 13:44:32.689] 978,78,98,0.0
[2026-05-10 13:44:32.785] [GetTemp--2147478764]:i2c write failed
[2026-05-10 13:44:32.789] 979,78,98,0.0
[2026-05-10 13:44:33.105] [GetTemp--2147478764]:i2c write failed
[2026-05-10 13:44:33.107] 980,78,98,0.0
[2026-05-10 13:44:33.203] [GetTemp--2147478764]:i2c write failed
[2026-05-10 13:44:33.203] 981,78,98,0.0
[2026-05-10 13:44:33.297] [GetTemp--2147478764]:i2c write failed
[2026-05-10 13:44:33.297] 982,78,98,0.0
[2026-05-10 13:44:33.324] HR=88 SpO2=98 (raw:153/96 valid:1/1 sqi:1)
[2026-05-10 13:44:33.409] [GetTemp--2147478764]:i2c write failed
[2026-05-10 13:44:33.409] 983,78,98,0.0
[2026-05-10 13:44:33.506] [GetTemp--2147478764]:i2c write failed
[2026-05-10 13:44:33.506] 984,78,98,0.0
[2026-05-10 13:44:33.810] [GetTemp--2147478764]:i2c write failed
[2026-05-10 13:44:33.812] 985,78,98,0.0
[2026-05-10 13:44:33.905] [GetTemp--2147478764]:i2c write failed
[2026-05-10 13:44:33.909] 986,78,98,0.0
[2026-05-10 13:44:34.018] [GetTemp--2147478764]:i2c write failed
[2026-05-10 13:44:34.020] 987,78,98,0.0
[2026-05-10 13:44:34.114] [GetTemp--2147478764]:i2c write failed
[2026-05-10 13:44:34.114] 988,78,98,0.0
[2026-05-10 13:44:34.209] [GetTemp--2147478764]:i2c write failed
[2026-05-10 13:44:34.209] 989,78,98,0.0
[2026-05-10 13:44:34.450] HR=89 SpO2=97 (raw:90/97 valid:1/1 sqi:1)
[2026-05-10 13:44:34.513] [GetTemp--2147478764]:i2c write failed
[2026-05-10 13:44:34.517] 990,79,97,0.0
[2026-05-10 13:44:34.626] [GetTemp--2147478764]:i2c write failed
[2026-05-10 13:44:34.628] 991,79,97,0.0
[2026-05-10 13:44:34.721] [GetTemp--2147478764]:i2c write failed
[2026-05-10 13:44:34.721] 992,79,97,0.0
[2026-05-10 13:44:34.816] [GetTemp--2147478764]:i2c write failed
[2026-05-10 13:44:34.821] 993,79,97,0.0
[2026-05-10 13:44:34.928] [GetTemp--2147478764]:i2c write failed
[2026-05-10 13:44:34.928] 994,79,97,0.0
[2026-05-10 13:44:35.231] [GetTemp--2147478764]:i2c write failed
[2026-05-10 13:44:35.231] 995,79,97,0.0
[2026-05-10 13:44:35.327] [GetTemp--2147478764]:i2c write failed
[2026-05-10 13:44:35.327] 996,79,97,0.0
[2026-05-10 13:44:35.439] [GetTemp--2147478764]:i2c write failed
[2026-05-10 13:44:35.441] 997,79,97,0.0
[2026-05-10 13:44:35.534] [GetTemp--2147478764]:i2c write failed
[2026-05-10 13:44:35.534] 998,79,97,0.0
[2026-05-10 13:44:35.613] HR=89 SpO2=97 (raw:89/97 valid:1/1 sqi:1)
[2026-05-10 13:44:35.629] [GetTemp--2147478764]:i2c write failed
[2026-05-10 13:44:35.629] 999,79,97,0.0
[2026-05-10 13:44:35.934] [GetTemp--2147478764]:i2c write failed
[2026-05-10 13:44:35.938] 1000,79,97,0.0
[2026-05-10 13:44:36.046] [GetTemp--2147478764]:i2c write failed
[2026-05-10 13:44:36.046] 1001,79,97,0.0
[2026-05-10 13:44:36.141] [GetTemp--2147478764]:i2c write failed
[2026-05-10 13:44:36.141] 1002,79,97,0.0
[2026-05-10 13:44:36.237] [GetTemp--2147478764]:i2c write failed
[2026-05-10 13:44:36.237] 1003,79,97,0.0
[2026-05-10 13:44:36.348] [GetTemp--2147478764]:i2c write failed
[2026-05-10 13:44:36.348] 1004,79,97,0.0
[2026-05-10 13:44:36.653] [GetTemp--2147478764]:i2c write failed
[2026-05-10 13:44:36.655] 1005,79,97,0.0
[2026-05-10 13:44:36.717] HR=89 SpO2=97 (raw:88/98 valid:1/1 sqi:1)
[2026-05-10 13:44:36.742] [GetTemp--2147478764]:i2c write failed
[2026-05-10 13:44:36.747] 1006,79,97,0.0
[2026-05-10 13:44:36.845] [GetTemp--2147478764]:i2c write failed
[2026-05-10 13:44:36.845] 1007,79,97,0.0
[2026-05-10 13:44:36.957] [GetTemp--2147478764]:i2c write failed
[2026-05-10 13:44:36.959] 1008,79,97,0.0
[2026-05-10 13:44:37.053] [GetTemp--2147478764]:i2c write failed
[2026-05-10 13:44:37.053] 1009,79,97,0.0
[2026-05-10 13:44:37.358] [GetTemp--2147478764]:i2c write failed
[2026-05-10 13:44:37.360] 1010,79,97,0.0
[2026-05-10 13:44:37.454] [GetTemp--2147478764]:i2c write failed
[2026-05-10 13:44:37.454] 1011,79,97,0.0
[2026-05-10 13:44:37.565] [GetTemp--2147478764]:i2c write failed
[2026-05-10 13:44:37.565] 1012,79,97,0.0
[2026-05-10 13:44:37.661] [GetTemp--2147478764]:i2c write failed
[2026-05-10 13:44:37.661] 1013,79,97,0.0
[2026-05-10 13:44:37.741] HR=89 SpO2=97 (raw:88/98 valid:1/1 sqi:1)
[2026-05-10 13:44:37.753] [GetTemp--2147478764]:i2c write failed
[2026-05-10 13:44:37.757] 1014,79,97,0.0
[2026-05-10 13:44:38.077] [GetTemp--2147478764]:i2c write failed
[2026-05-10 13:44:38.080] 1015,79,97,0.0
[2026-05-10 13:44:38.173] [GetTemp--2147478764]:i2c write failed
[2026-05-10 13:44:38.173] 1016,79,97,0.0
[2026-05-10 13:44:38.269] [GetTemp--2147478764]:i2c write failed
[2026-05-10 13:44:38.276] 1017,79,97,0.0
[2026-05-10 13:44:38.365] [GetTemp--2147478764]:i2c write failed
[2026-05-10 13:44:38.368] 1018,79,97,0.0
[2026-05-10 13:44:38.477] [GetTemp--2147478764]:i2c write failed
[2026-05-10 13:44:38.477] 1019,79,97,0.0
[2026-05-10 13:44:38.782] [GetTemp--2147478764]:i2c write failed
[2026-05-10 13:44:38.785] 1020,79,97,0.0
[2026-05-10 13:44:38.878] [GetTemp--2147478764]:i2c write failed
[2026-05-10 13:44:38.878] 1021,79,97,0.0
[2026-05-10 13:44:38.974] [GetTemp--2147478764]:i2c write failed
[2026-05-10 13:44:38.974] 1022,79,97,0.0
[2026-05-10 13:44:39.002] HR=89 SpO2=97 (raw:93/97 valid:1/1 sqi:1)
[2026-05-10 13:44:39.086] [GetTemp--2147478764]:i2c write failed
[2026-05-10 13:44:39.086] 1023,79,97,0.0
[2026-05-10 13:44:39.183] [GetTemp--2147478764]:i2c write failed
[2026-05-10 13:44:39.185] 1024,79,97,0.0
[2026-05-10 13:44:39.487] [GetTemp--2147478764]:i2c write failed
[2026-05-10 13:44:39.503] 1025,79,97,0.0
[2026-05-10 13:44:39.600] [GetTemp--2147478764]:i2c write failed
[2026-05-10 13:44:39.600] 1026,79,97,0.0
[2026-05-10 13:44:39.695] [GetTemp--2147478764]:i2c write failed
[2026-05-10 13:44:39.697] 1027,79,97,0.0
[2026-05-10 13:44:39.792] [GetTemp--2147478764]:i2c write failed
[2026-05-10 13:44:39.792] 1028,79,97,0.0
[2026-05-10 13:44:39.888] [GetTemp--2147478764]:i2c write failed
[2026-05-10 13:44:39.904] 1029,79,97,0.0
[2026-05-10 13:44:40.128] HR=89 SpO2=97 (raw:95/97 valid:1/1 sqi:1)
[2026-05-10 13:44:40.208] [GetTemp--2147478764]:i2c write failed
[2026-05-10 13:44:40.208] 1030,79,97,0.0
[2026-05-10 13:44:40.304] [GetTemp--2147478764]:i2c write failed
[2026-05-10 13:44:40.306] 1031,79,97,0.0
[2026-05-10 13:44:40.399] [GetTemp--2147478764]:i2c write failed
[2026-05-10 13:44:40.399] 1032,79,97,0.0
[2026-05-10 13:44:40.496] [GetTemp--2147478764]:i2c write failed
[2026-05-10 13:44:40.498] 1033,79,97,0.0
[2026-05-10 13:44:40.609] [GetTemp--2147478764]:i2c write failed
[2026-05-10 13:44:40.611] 1034,79,97,0.0
[2026-05-10 13:44:40.915] [GetTemp--2147478764]:i2c write failed
[2026-05-10 13:44:40.917] 1035,79,97,0.0
[2026-05-10 13:44:41.011] [GetTemp--2147478764]:i2c write failed
[2026-05-10 13:44:41.011] 1036,79,97,0.0
[2026-05-10 13:44:41.107] [GetTemp--2147478764]:i2c write failed
[2026-05-10 13:44:41.107] 1037,79,97,0.0
[2026-05-10 13:44:41.135] HR=93 SpO2=97 (raw:95/97 valid:1/1 sqi:1)
[2026-05-10 13:44:41.219] [GetTemp--2147478764]:i2c write failed
[2026-05-10 13:44:41.221] 1038,83,97,0.0
[2026-05-10 13:44:41.315] [GetTemp--2147478764]:i2c write failed
[2026-05-10 13:44:41.315] 1039,83,97,0.0
[2026-05-10 13:44:41.620] [GetTemp--2147478764]:i2c write failed
[2026-05-10 13:44:41.622] 1040,83,97,0.0
[2026-05-10 13:44:41.716] [GetTemp--2147478764]:i2c write failed
[2026-05-10 13:44:41.716] 1041,83,97,0.0
[2026-05-10 13:44:41.829] [GetTemp--2147478764]:i2c write failed
[2026-05-10 13:44:41.831] 1042,83,97,0.0
[2026-05-10 13:44:41.924] [GetTemp--2147478764]:i2c write failed
[2026-05-10 13:44:41.924] 1043,83,97,0.0
[2026-05-10 13:44:42.020] [GetTemp--2147478764]:i2c write failed
[2026-05-10 13:44:42.021] 1044,83,97,0.0
[2026-05-10 13:44:42.260] HR=93 SpO2=97 (raw:90/98 valid:1/1 sqi:1)
[2026-05-10 13:44:42.324] [GetTemp--2147478764]:i2c write failed
[2026-05-10 13:44:42.331] 1045,83,97,0.0
[2026-05-10 13:44:42.436] [GetTemp--2147478764]:i2c write failed
[2026-05-10 13:44:42.436] 1046,83,97,0.0
[2026-05-10 13:44:42.533] [GetTemp--2147478764]:i2c write failed
[2026-05-10 13:44:42.535] 1047,83,97,0.0
[2026-05-10 13:44:42.628] [GetTemp--2147478764]:i2c write failed
[2026-05-10 13:44:42.630] 1048,83,97,0.0
[2026-05-10 13:44:42.724] [GetTemp--2147478764]:i2c write failed
[2026-05-10 13:44:42.724] 1049,83,97,0.0
[2026-05-10 13:44:43.045] [GetTemp--2147478764]:i2c write failed
[2026-05-10 13:44:43.047] 1050,83,97,0.0
[2026-05-10 13:44:43.142] [GetTemp--2147478764]:i2c write failed
[2026-05-10 13:44:43.142] 1051,83,97,0.0
[2026-05-10 13:44:43.238] [GetTemp--2147478764]:i2c write failed
[2026-05-10 13:44:43.240] 1052,83,97,0.0
[2026-05-10 13:44:43.349] [GetTemp--2147478764]:i2c write failed
[2026-05-10 13:44:43.352] 1053,83,97,0.0
[2026-05-10 13:44:43.430] HR=93 SpO2=97 (raw:90/97 valid:1/1 sqi:1)
[2026-05-10 13:44:43.430] [GetTemp--2147478764]:i2c write failed
[2026-05-10 13:44:43.437] 1054,83,97,0.0
[2026-05-10 13:44:43.751] [GetTemp--2147478764]:i2c write failed
[2026-05-10 13:44:43.754] 1055,83,97,0.0
[2026-05-10 13:44:43.847] [GetTemp--2147478764]:i2c write failed
[2026-05-10 13:44:43.847] 1056,83,97,0.0
[2026-05-10 13:44:43.959] [GetTemp--2147478764]:i2c write failed
[2026-05-10 13:44:43.961] 1057,83,97,0.0
[2026-05-10 13:44:44.055] [GetTemp--2147478764]:i2c write failed
[2026-05-10 13:44:44.055] 1058,83,97,0.0
[2026-05-10 13:44:44.151] [GetTemp--2147478764]:i2c write failed
[2026-05-10 13:44:44.155] 1059,83,97,0.0
[2026-05-10 13:44:44.457] [GetTemp--2147478764]:i2c write failed
[2026-05-10 13:44:44.472] 1060,83,97,0.0
[2026-05-10 13:44:44.536] HR=93 SpO2=97 (raw:93/97 valid:1/1 sqi:1)
[2026-05-10 13:44:44.552] [GetTemp--2147478764]:i2c write failed
[2026-05-10 13:44:44.552] 1061,83,97,0.0
[2026-05-10 13:44:44.664] [GetTemp--2147478764]:i2c write failed
[2026-05-10 13:44:44.666] 1062,83,97,0.0
[2026-05-10 13:44:44.760] [GetTemp--2147478764]:i2c write failed
[2026-05-10 13:44:44.760] 1063,83,97,0.0
[2026-05-10 13:44:44.855] [GetTemp--2147478764]:i2c write failed
[2026-05-10 13:44:44.856] 1064,83,97,0.0
[2026-05-10 13:44:45.176] [GetTemp--2147478764]:i2c write failed
[2026-05-10 13:44:45.176] 1065,83,97,0.0
[2026-05-10 13:44:45.272] [GetTemp--2147478764]:i2c write failed
[2026-05-10 13:44:45.275] 1066,83,97,0.0
[2026-05-10 13:44:45.368] [GetTemp--2147478764]:i2c write failed
[2026-05-10 13:44:45.372] 1067,83,97,0.0
[2026-05-10 13:44:45.465] [GetTemp--2147478764]:i2c write failed
[2026-05-10 13:44:45.468] 1068,83,97,0.0
[2026-05-10 13:44:45.561] HR=93 SpO2=97 (raw:93/97 valid:1/1 sqi:1)
[2026-05-10 13:44:45.565] [GetTemp--2147478764]:i2c write failed
[2026-05-10 13:44:45.567] 1069,83,97,0.0
[2026-05-10 13:44:45.880] [GetTemp--2147478764]:i2c write failed
[2026-05-10 13:44:45.882] 1070,83,97,0.0
[2026-05-10 13:44:45.976] [GetTemp--2147478764]:i2c write failed
[2026-05-10 13:44:45.978] 1071,83,97,0.0
[2026-05-10 13:44:46.088] [GetTemp--2147478764]:i2c write failed
[2026-05-10 13:44:46.090] 1072,83,97,0.0
[2026-05-10 13:44:46.185] [GetTemp--2147478764]:i2c write failed
[2026-05-10 13:44:46.185] 1073,83,97,0.0
[2026-05-10 13:44:46.281] [GetTemp--2147478764]:i2c write failed
[2026-05-10 13:44:46.283] 1074,83,97,0.0
[2026-05-10 13:44:46.585] [GetTemp--2147478764]:i2c write failed
[2026-05-10 13:44:46.587] 1075,83,97,0.0
[2026-05-10 13:44:46.665] HR=93 SpO2=97 (raw:100/98 valid:1/1 sqi:1)
[2026-05-10 13:44:46.681] [GetTemp--2147478764]:i2c write failed
[2026-05-10 13:44:46.681] 1076,83,97,0.0
[2026-05-10 13:44:46.793] [GetTemp--2147478764]:i2c write failed
[2026-05-10 13:44:46.793] 1077,83,97,0.0
[2026-05-10 13:44:46.888] [GetTemp--2147478764]:i2c write failed
[2026-05-10 13:44:46.888] 1078,83,97,0.0
[2026-05-10 13:44:46.985] [GetTemp--2147478764]:i2c write failed
[2026-05-10 13:44:46.985] 1079,83,97,0.0
[2026-05-10 13:44:47.304] [GetTemp--2147478764]:i2c write failed
[2026-05-10 13:44:47.307] 1080,83,97,0.0
[2026-05-10 13:44:47.400] [GetTemp--2147478764]:i2c write failed
[2026-05-10 13:44:47.400] 1081,83,97,0.0
[2026-05-10 13:44:47.497] [GetTemp--2147478764]:i2c write failed
[2026-05-10 13:44:47.497] 1082,83,97,0.0
[2026-05-10 13:44:47.608] [GetTemp--2147478764]:i2c write failed
[2026-05-10 13:44:47.610] 1083,83,97,0.0
[2026-05-10 13:44:47.703] [GetTemp--2147478764]:i2c write failed
[2026-05-10 13:44:47.703] 1084,83,97,0.0
[2026-05-10 13:44:47.928] HR=93 SpO2=97 (raw:100/97 valid:1/1 sqi:1)
[2026-05-10 13:44:48.007] [GetTemp--2147478764]:i2c write failed
[2026-05-10 13:44:48.007] 1085,83,97,0.0
[2026-05-10 13:44:48.119] [GetTemp--2147478764]:i2c write failed
[2026-05-10 13:44:48.121] 1086,83,97,0.0
[2026-05-10 13:44:48.216] [GetTemp--2147478764]:i2c write failed
[2026-05-10 13:44:48.218] 1087,83,97,0.0
[2026-05-10 13:44:48.312] [GetTemp--2147478764]:i2c write failed
[2026-05-10 13:44:48.314] 1088,83,97,0.0
[2026-05-10 13:44:48.406] [GetTemp--2147478764]:i2c write failed
[2026-05-10 13:44:48.409] 1089,83,97,0.0
[2026-05-10 13:44:48.727] [GetTemp--2147478764]:i2c write failed
[2026-05-10 13:44:48.729] 1090,83,97,0.0
[2026-05-10 13:44:48.823] [GetTemp--2147478764]:i2c write failed
[2026-05-10 13:44:48.823] 1091,83,97,0.0
[2026-05-10 13:44:48.919] [GetTemp--2147478764]:i2c write failed
[2026-05-10 13:44:48.922] 1092,83,97,0.0
[2026-05-10 13:44:48.938] HR=100 SpO2=97 (raw:100/97 valid:1/1 sqi:1)
[2026-05-10 13:44:49.014] [GetTemp--2147478764]:i2c write failed
[2026-05-10 13:44:49.014] 1093,90,97,0.0
[2026-05-10 13:44:49.126] [GetTemp--2147478764]:i2c write failed
[2026-05-10 13:44:49.126] 1094,90,97,0.0
[2026-05-10 13:44:49.431] [GetTemp--2147478764]:i2c write failed
[2026-05-10 13:44:49.433] 1095,90,97,0.0
[2026-05-10 13:44:49.527] [GetTemp--2147478764]:i2c write failed
[2026-05-10 13:44:49.527] 1096,90,97,0.0
[2026-05-10 13:44:49.639] [GetTemp--2147478764]:i2c write failed
[2026-05-10 13:44:49.643] 1097,90,97,0.0
[2026-05-10 13:44:49.735] [GetTemp--2147478764]:i2c write failed
[2026-05-10 13:44:49.735] 1098,90,97,0.0
[2026-05-10 13:44:49.831] [GetTemp--2147478764]:i2c write failed
[2026-05-10 13:44:49.833] 1099,90,97,0.0
[2026-05-10 13:44:50.056] HR=100 SpO2=97 (raw:101/97 valid:1/1 sqi:1)
[2026-05-10 13:44:50.135] [GetTemp--2147478764]:i2c write failed
[2026-05-10 13:44:50.151] 1100,90,97,0.0
[2026-05-10 13:44:50.247] [GetTemp--2147478764]:i2c write failed
[2026-05-10 13:44:50.247] 1101,90,97,0.0
[2026-05-10 13:44:50.344] [GetTemp--2147478764]:i2c write failed
[2026-05-10 13:44:50.344] 1102,90,97,0.0
[2026-05-10 13:44:50.440] [GetTemp--2147478764]:i2c write failed
[2026-05-10 13:44:50.440] 1103,90,97,0.0
[2026-05-10 13:44:50.536] [GetTemp--2147478764]:i2c write failed
[2026-05-10 13:44:50.539] 1104,90,97,0.0
[2026-05-10 13:44:50.857] [GetTemp--2147478764]:i2c write failed
[2026-05-10 13:44:50.857] 1105,90,97,0.0
[2026-05-10 13:44:50.952] [GetTemp--2147478764]:i2c write failed
[2026-05-10 13:44:50.952] 1106,90,97,0.0
[2026-05-10 13:44:51.048] [GetTemp--2147478764]:i2c write failed
[2026-05-10 13:44:51.048] 1107,90,97,0.0
[2026-05-10 13:44:51.068] HR=100 SpO2=97 (raw:107/98 valid:1/1 sqi:1)
[2026-05-10 13:44:51.160] [GetTemp--2147478764]:i2c write failed
[2026-05-10 13:44:51.160] 1108,90,97,0.0
[2026-05-10 13:44:51.255] [GetTemp--2147478764]:i2c write failed
[2026-05-10 13:44:51.257] 1109,90,97,0.0
[2026-05-10 13:44:51.562] [GetTemp--2147478764]:i2c write failed
[2026-05-10 13:44:51.564] 1110,90,97,0.0
[2026-05-10 13:44:51.657] [GetTemp--2147478764]:i2c write failed
[2026-05-10 13:44:51.657] 1111,90,97,0.0
[2026-05-10 13:44:51.766] [GetTemp--2147478764]:i2c write failed
[2026-05-10 13:44:51.766] 1112,90,97,0.0
[2026-05-10 13:44:51.862] [GetTemp--2147478764]:i2c write failed
[2026-05-10 13:44:51.864] 1113,90,97,0.0
[2026-05-10 13:44:51.959] [GetTemp--2147478764]:i2c write failed
[2026-05-10 13:44:51.959] 1114,90,97,0.0
[2026-05-10 13:44:52.264] [GetTemp--2147478764]:i2c write failed
[2026-05-10 13:44:52.280] 1115,90,97,0.0
[2026-05-10 13:44:52.344] HR=101 SpO2=97 (raw:107/98 valid:1/1 sqi:1)
[2026-05-10 13:44:52.375] [GetTemp--2147478764]:i2c write failed
[2026-05-10 13:44:52.375] 1116,91,97,0.0
[2026-05-10 13:44:52.472] [GetTemp--2147478764]:i2c write failed
[2026-05-10 13:44:52.472] 1117,91,97,0.0
[2026-05-10 13:44:52.567] [GetTemp--2147478764]:i2c write failed
[2026-05-10 13:44:52.572] 1118,91,97,0.0
[2026-05-10 13:44:52.679] [GetTemp--2147478764]:i2c write failed
[2026-05-10 13:44:52.679] 1119,91,97,0.0
[2026-05-10 13:44:52.984] [GetTemp--2147478764]:i2c write failed
[2026-05-10 13:44:52.986] 1120,91,97,0.0
[2026-05-10 13:44:53.081] [GetTemp--2147478764]:i2c write failed
[2026-05-10 13:44:53.081] 1121,91,97,0.0
[2026-05-10 13:44:53.176] [GetTemp--2147478764]:i2c write failed
[2026-05-10 13:44:53.179] 1122,91,97,0.0
[2026-05-10 13:44:53.288] [GetTemp--2147478764]:i2c write failed
[2026-05-10 13:44:53.290] 1123,91,97,0.0
[2026-05-10 13:44:53.368] HR=107 SpO2=98 (raw:109/98 valid:1/1 sqi:1)
[2026-05-10 13:44:53.384] [GetTemp--2147478764]:i2c write failed
[2026-05-10 13:44:53.384] 1124,97,98,0.0
[2026-05-10 13:44:53.688] [GetTemp--2147478764]:i2c write failed
[2026-05-10 13:44:53.704] 1125,97,98,0.0
[2026-05-10 13:44:53.800] [GetTemp--2147478764]:i2c write failed
[2026-05-10 13:44:53.802] 1126,97,98,0.0
[2026-05-10 13:44:53.896] [GetTemp--2147478764]:i2c write failed
[2026-05-10 13:44:53.896] 1127,97,98,0.0
[2026-05-10 13:44:53.992] [GetTemp--2147478764]:i2c write failed
[2026-05-10 13:44:53.994] 1128,97,98,0.0
[2026-05-10 13:44:54.089] [GetTemp--2147478764]:i2c write failed
[2026-05-10 13:44:54.089] 1129,97,98,0.0
[2026-05-10 13:44:54.395] [GetTemp--2147478764]:i2c write failed
[2026-05-10 13:44:54.399] 1130,97,98,0.0
[2026-05-10 13:44:54.475] HR=107 SpO2=98 (raw:93/98 valid:1/1 sqi:1)
[2026-05-10 13:44:54.493] [GetTemp--2147478764]:i2c write failed
[2026-05-10 13:44:54.493] 1131,97,98,0.0
[2026-05-10 13:44:54.604] [GetTemp--2147478764]:i2c write failed
[2026-05-10 13:44:54.604] 1132,97,98,0.0
[2026-05-10 13:44:54.699] [GetTemp--2147478764]:i2c write failed
[2026-05-10 13:44:54.702] 1133,97,98,0.0
[2026-05-10 13:44:54.796] [GetTemp--2147478764]:i2c write failed
[2026-05-10 13:44:54.798] 1134,97,98,0.0
[2026-05-10 13:44:55.116] [GetTemp--2147478764]:i2c write failed
[2026-05-10 13:44:55.118] 1135,97,98,0.0
[2026-05-10 13:44:55.213] [GetTemp--2147478764]:i2c write failed
[2026-05-10 13:44:55.213] 1136,97,98,0.0
[2026-05-10 13:44:55.309] [GetTemp--2147478764]:i2c write failed
[2026-05-10 13:44:55.309] 1137,97,98,0.0
[2026-05-10 13:44:55.406] [GetTemp--2147478764]:i2c write failed
[2026-05-10 13:44:55.408] 1138,97,98,0.0
[2026-05-10 13:44:55.502] HR=107 SpO2=98 (raw:81/97 valid:1/1 sqi:1)
[2026-05-10 13:44:55.506] [GetTemp--2147478764]:i2c write failed
[2026-05-10 13:44:55.507] 1139,97,98,0.0
[2026-05-10 13:44:55.823] [GetTemp--2147478764]:i2c write failed
[2026-05-10 13:44:55.825] 1140,97,98,0.0
[2026-05-10 13:44:55.918] [GetTemp--2147478764]:i2c write failed
[2026-05-10 13:44:55.918] 1141,97,98,0.0
[2026-05-10 13:44:56.030] [GetTemp--2147478764]:i2c write failed
[2026-05-10 13:44:56.034] 1142,97,98,0.0
[2026-05-10 13:44:56.126] [GetTemp--2147478764]:i2c write failed
[2026-05-10 13:44:56.128] 1143,97,98,0.0
[2026-05-10 13:44:56.222] [GetTemp--2147478764]:i2c write failed
[2026-05-10 13:44:56.222] 1144,97,98,0.0
[2026-05-10 13:44:56.528] [GetTemp--2147478764]:i2c write failed
[2026-05-10 13:44:56.530] 1145,97,98,0.0
[2026-05-10 13:44:56.640] [GetTemp--2147478764]:i2c write failed
[2026-05-10 13:44:56.642] 1146,97,98,0.0
[2026-05-10 13:44:56.736] [GetTemp--2147478764]:i2c write failed
[2026-05-10 13:44:56.739] 1147,97,98,0.0
[2026-05-10 13:44:56.752] HR=93 SpO2=98 (raw:81/97 valid:1/1 sqi:1)
[2026-05-10 13:44:56.831] [GetTemp--2147478764]:i2c write failed
[2026-05-10 13:44:56.831] 1148,83,98,0.0
[2026-05-10 13:44:56.926] [GetTemp--2147478764]:i2c write failed
[2026-05-10 13:44:56.930] 1149,83,98,0.0
[2026-05-10 13:44:57.247] [GetTemp--2147478764]:i2c write failed
[2026-05-10 13:44:57.249] 1150,83,98,0.0
[2026-05-10 13:44:57.343] [GetTemp--2147478764]:i2c write failed
[2026-05-10 13:44:57.343] 1151,83,98,0.0
[2026-05-10 13:44:57.439] [GetTemp--2147478764]:i2c write failed
[2026-05-10 13:44:57.441] 1152,83,98,0.0
[2026-05-10 13:44:57.535] [GetTemp--2147478764]:i2c write failed
[2026-05-10 13:44:57.535] 1153,83,98,0.0
[2026-05-10 13:44:57.646] [GetTemp--2147478764]:i2c write failed
[2026-05-10 13:44:57.646] 1154,83,98,0.0
[2026-05-10 13:44:57.871] HR=92 SpO2=97 (raw:82/97 valid:1/1 sqi:1)
[2026-05-10 13:44:57.951] [GetTemp--2147478764]:i2c write failed
[2026-05-10 13:44:57.951] 1155,82,97,0.0
[2026-05-10 13:44:58.047] [GetTemp--2147478764]:i2c write failed
[2026-05-10 13:44:58.047] 1156,82,97,0.0
[2026-05-10 13:44:58.144] [GetTemp--2147478764]:i2c write failed
[2026-05-10 13:44:58.145] 1157,82,97,0.0
[2026-05-10 13:44:58.256] [GetTemp--2147478764]:i2c write failed
[2026-05-10 13:44:58.256] 1158,82,97,0.0
[2026-05-10 13:44:58.352] [GetTemp--2147478764]:i2c write failed
[2026-05-10 13:44:58.352] 1159,82,97,0.0
[2026-05-10 13:44:58.656] [GetTemp--2147478764]:i2c write failed
[2026-05-10 13:44:58.671] 1160,82,97,0.0
[2026-05-10 13:44:58.768] [GetTemp--2147478764]:i2c write failed
[2026-05-10 13:44:58.770] 1161,82,97,0.0
[2026-05-10 13:44:58.864] [GetTemp--2147478764]:i2c write failed
[2026-05-10 13:44:58.864] 1162,82,97,0.0
[2026-05-10 13:44:58.880] HR=92 SpO2=97 (raw:93/98 valid:1/1 sqi:1)
[2026-05-10 13:44:58.961] [GetTemp--2147478764]:i2c write failed
[2026-05-10 13:44:58.961] 1163,82,97,0.0
[2026-05-10 13:44:59.056] [GetTemp--2147478764]:i2c write failed
[2026-05-10 13:44:59.060] 1164,82,97,0.0
[2026-05-10 13:44:59.377] [GetTemp--2147478764]:i2c write failed
[2026-05-10 13:44:59.379] 1165,82,97,0.0
[2026-05-10 13:44:59.473] [GetTemp--2147478764]:i2c write failed
[2026-05-10 13:44:59.473] 1166,82,97,0.0
[2026-05-10 13:44:59.568] [GetTemp--2147478764]:i2c write failed
[2026-05-10 13:44:59.568] 1167,82,97,0.0
[2026-05-10 13:44:59.664] [GetTemp--2147478764]:i2c write failed
[2026-05-10 13:44:59.664] 1168,82,97,0.0
[2026-05-10 13:44:59.763] [GetTemp--2147478764]:i2c write failed
[2026-05-10 13:44:59.767] 1169,82,97,0.0
[2026-05-10 13:45:00.002] HR=92 SpO2=97 (raw:93/98 valid:1/1 sqi:1)
[2026-05-10 13:45:00.082] [GetTemp--2147478764]:i2c write failed
[2026-05-10 13:45:00.082] 1170,82,97,0.0
[2026-05-10 13:45:00.176] [GetTemp--2147478764]:i2c write failed
[2026-05-10 13:45:00.176] 1171,82,97,0.0
[2026-05-10 13:45:00.289] [GetTemp--2147478764]:i2c write failed
[2026-05-10 13:45:00.291] 1172,82,97,0.0
[2026-05-10 13:45:00.384] [GetTemp--2147478764]:i2c write failed
[2026-05-10 13:45:00.384] 1173,82,97,0.0
[2026-05-10 13:45:00.480] [GetTemp--2147478764]:i2c write failed
[2026-05-10 13:45:00.480] 1174,82,97,0.0
[2026-05-10 13:45:00.785] [GetTemp--2147478764]:i2c write failed
[2026-05-10 13:45:00.789] 1175,82,97,0.0
[2026-05-10 13:45:00.896] [GetTemp--2147478764]:i2c write failed
[2026-05-10 13:45:00.898] 1176,82,97,0.0
[2026-05-10 13:45:00.992] [GetTemp--2147478764]:i2c write failed
[2026-05-10 13:45:00.992] 1177,82,97,0.0
[2026-05-10 13:45:01.088] [GetTemp--2147478764]:i2c write failed
[2026-05-10 13:45:01.088] 1178,82,97,0.0
[2026-05-10 13:45:01.184] HR=93 SpO2=98 (raw:93/98 valid:1/1 sqi:1)
[2026-05-10 13:45:01.184] [GetTemp--2147478764]:i2c write failed
[2026-05-10 13:45:01.184] 1179,83,98,0.0
[2026-05-10 13:45:01.504] [GetTemp--2147478764]:i2c write failed
[2026-05-10 13:45:01.506] 1180,83,98,0.0
[2026-05-10 13:45:01.600] [GetTemp--2147478764]:i2c write failed
[2026-05-10 13:45:01.602] 1181,83,98,0.0
[2026-05-10 13:45:01.696] [GetTemp--2147478764]:i2c write failed
[2026-05-10 13:45:01.696] 1182,83,98,0.0
[2026-05-10 13:45:01.808] [GetTemp--2147478764]:i2c write failed
[2026-05-10 13:45:01.811] 1183,83,98,0.0
[2026-05-10 13:45:01.905] [GetTemp--2147478764]:i2c write failed
[2026-05-10 13:45:01.907] 1184,83,98,0.0
[2026-05-10 13:45:02.211] [GetTemp--2147478764]:i2c write failed
[2026-05-10 13:45:02.213] 1185,83,98,0.0
[2026-05-10 13:45:02.275] HR=93 SpO2=98 (raw:92/97 valid:1/1 sqi:1)
[2026-05-10 13:45:02.307] [GetTemp--2147478764]:i2c write failed
[2026-05-10 13:45:02.307] 1186,83,98,0.0
[2026-05-10 13:45:02.419] [GetTemp--2147478764]:i2c write failed
[2026-05-10 13:45:02.421] 1187,83,98,0.0
[2026-05-10 13:45:02.515] [GetTemp--2147478764]:i2c write failed
[2026-05-10 13:45:02.517] 1188,83,98,0.0
[2026-05-10 13:45:02.612] [GetTemp--2147478764]:i2c write failed
[2026-05-10 13:45:02.612] 1189,83,98,0.0
[2026-05-10 13:45:02.917] [GetTemp--2147478764]:i2c write failed
[2026-05-10 13:45:02.921] 1190,83,98,0.0
[2026-05-10 13:45:03.014] [GetTemp--2147478764]:i2c write failed
[2026-05-10 13:45:03.019] 1191,83,98,0.0
[2026-05-10 13:45:03.126] [GetTemp--2147478764]:i2c write failed
[2026-05-10 13:45:03.126] 1192,83,98,0.0
[2026-05-10 13:45:03.222] [GetTemp--2147478764]:i2c write failed
[2026-05-10 13:45:03.224] 1193,83,98,0.0
[2026-05-10 13:45:03.317] HR=93 SpO2=98 (raw:93/98 valid:1/1 sqi:1)
[2026-05-10 13:45:03.317] [GetTemp--2147478764]:i2c write failed
[2026-05-10 13:45:03.317] 1194,83,98,0.0
[2026-05-10 13:45:03.637] [GetTemp--2147478764]:i2c write failed
[2026-05-10 13:45:03.637] 1195,83,98,0.0
[2026-05-10 13:45:03.734] [GetTemp--2147478764]:i2c write failed
[2026-05-10 13:45:03.739] 1196,83,98,0.0
[2026-05-10 13:45:03.830] [GetTemp--2147478764]:i2c write failed
[2026-05-10 13:45:03.830] 1197,83,98,0.0
[2026-05-10 13:45:03.926] [GetTemp--2147478764]:i2c write failed
[2026-05-10 13:45:03.928] 1198,83,98,0.0
[2026-05-10 13:45:04.039] [GetTemp--2147478764]:i2c write failed
[2026-05-10 13:45:04.039] 1199,83,98,0.0
[2026-05-10 13:45:04.278] HR=93 SpO2=98 (raw:93/98 valid:1/1 sqi:1)
[2026-05-10 13:45:04.343] [GetTemp--2147478764]:i2c write failed
[2026-05-10 13:45:04.345] 1200,83,98,0.0
[2026-05-10 13:45:04.438] [GetTemp--2147478764]:i2c write failed
[2026-05-10 13:45:04.438] 1201,83,98,0.0
[2026-05-10 13:45:04.535] [GetTemp--2147478764]:i2c write failed
[2026-05-10 13:45:04.539] 1202,83,98,0.0
[2026-05-10 13:45:04.647] [GetTemp--2147478764]:i2c write failed
[2026-05-10 13:45:04.649] 1203,83,98,0.0
[2026-05-10 13:45:04.744] [GetTemp--2147478764]:i2c write failed
[2026-05-10 13:45:04.744] 1204,83,98,0.0
[2026-05-10 13:45:05.048] [GetTemp--2147478764]:i2c write failed
[2026-05-10 13:45:05.050] 1205,83,98,0.0
[2026-05-10 13:45:05.144] [GetTemp--2147478764]:i2c write failed
[2026-05-10 13:45:05.147] 1206,83,98,0.0
[2026-05-10 13:45:05.257] [GetTemp--2147478764]:i2c write failed
[2026-05-10 13:45:05.260] 1207,83,98,0.0
[2026-05-10 13:45:05.353] [GetTemp--2147478764]:i2c write failed
[2026-05-10 13:45:05.357] 1208,83,98,0.0
[2026-05-10 13:45:05.449] [GetTemp--2147478764]:i2c write failed
[2026-05-10 13:45:05.451] 1209,83,98,0.0
[2026-05-10 13:45:05.674] HR=93 SpO2=98 (raw:93/97 valid:1/1 sqi:1)
[2026-05-10 13:45:05.770] [GetTemp--2147478764]:i2c write failed
[2026-05-10 13:45:05.773] 1210,83,98,0.0
[2026-05-10 13:45:05.866] [GetTemp--2147478764]:i2c write failed
[2026-05-10 13:45:05.866] 1211,83,98,0.0
[2026-05-10 13:45:05.962] [GetTemp--2147478764]:i2c write failed
[2026-05-10 13:45:05.962] 1212,83,98,0.0
[2026-05-10 13:45:06.058] [GetTemp--2147478764]:i2c write failed
[2026-05-10 13:45:06.060] 1213,83,98,0.0
[2026-05-10 13:45:06.169] [GetTemp--2147478764]:i2c write failed
[2026-05-10 13:45:06.173] 1214,83,98,0.0
[2026-05-10 13:45:06.474] [GetTemp--2147478764]:i2c write failed
[2026-05-10 13:45:06.476] 1215,83,98,0.0
[2026-05-10 13:45:06.570] [GetTemp--2147478764]:i2c write failed
[2026-05-10 13:45:06.573] 1216,83,98,0.0
[2026-05-10 13:45:06.666] [GetTemp--2147478764]:i2c write failed
[2026-05-10 13:45:06.669] 1217,83,98,0.0
[2026-05-10 13:45:06.690] HR=93 SpO2=97 (raw:76/97 valid:1/1 sqi:1)
[2026-05-10 13:45:06.778] [GetTemp--2147478764]:i2c write failed
[2026-05-10 13:45:06.780] 1218,83,97,0.0
[2026-05-10 13:45:06.875] [GetTemp--2147478764]:i2c write failed
[2026-05-10 13:45:06.875] 1219,83,97,0.0
[2026-05-10 13:45:07.180] [GetTemp--2147478764]:i2c write failed
[2026-05-10 13:45:07.182] 1220,83,97,0.0
[2026-05-10 13:45:07.277] [GetTemp--2147478764]:i2c write failed
[2026-05-10 13:45:07.280] 1221,83,97,0.0
[2026-05-10 13:45:07.390] [GetTemp--2147478764]:i2c write failed
[2026-05-10 13:45:07.392] 1222,83,97,0.0
[2026-05-10 13:45:07.485] [GetTemp--2147478764]:i2c write failed
[2026-05-10 13:45:07.485] 1223,83,97,0.0
[2026-05-10 13:45:07.581] [GetTemp--2147478764]:i2c write failed
[2026-05-10 13:45:07.583] 1224,83,97,0.0
[2026-05-10 13:45:07.806] HR=93 SpO2=97 (raw:77/97 valid:1/1 sqi:1)
[2026-05-10 13:45:07.886] [GetTemp--2147478764]:i2c write failed
[2026-05-10 13:45:07.886] 1225,83,97,0.0
[2026-05-10 13:45:07.999] [GetTemp--2147478764]:i2c write failed
[2026-05-10 13:45:08.001] 1226,83,97,0.0
[2026-05-10 13:45:08.095] [GetTemp--2147478764]:i2c write failed
[2026-05-10 13:45:08.097] 1227,83,97,0.0
[2026-05-10 13:45:08.190] [GetTemp--2147478764]:i2c write failed
[2026-05-10 13:45:08.190] 1228,83,97,0.0
[2026-05-10 13:45:08.287] [GetTemp--2147478764]:i2c write failed
[2026-05-10 13:45:08.287] 1229,83,97,0.0
[2026-05-10 13:45:08.606] [GetTemp--2147478764]:i2c write failed
[2026-05-10 13:45:08.606] 1230,83,97,0.0
[2026-05-10 13:45:08.702] [GetTemp--2147478764]:i2c write failed
[2026-05-10 13:45:08.704] 1231,83,97,0.0
[2026-05-10 13:45:08.798] [GetTemp--2147478764]:i2c write failed
[2026-05-10 13:45:08.798] 1232,83,97,0.0
[2026-05-10 13:45:08.816] HR=78 SpO2=97 (raw:77/97 valid:1/1 sqi:1)
[2026-05-10 13:45:08.910] [GetTemp--2147478764]:i2c write failed
[2026-05-10 13:45:08.910] 1233,68,97,0.0
[2026-05-10 13:45:09.005] [GetTemp--2147478764]:i2c write failed
[2026-05-10 13:45:09.005] 1234,68,97,0.0
[2026-05-10 13:45:09.311] [GetTemp--2147478764]:i2c write failed
[2026-05-10 13:45:09.313] 1235,68,97,0.0
[2026-05-10 13:45:09.407] [GetTemp--2147478764]:i2c write failed
[2026-05-10 13:45:09.412] 1236,68,97,0.0
[2026-05-10 13:45:09.519] [GetTemp--2147478764]:i2c write failed
[2026-05-10 13:45:09.519] 1237,68,97,0.0
[2026-05-10 13:45:09.614] [GetTemp--2147478764]:i2c write failed
[2026-05-10 13:45:09.614] 1238,68,97,0.0
[2026-05-10 13:45:09.711] [GetTemp--2147478764]:i2c write failed
[2026-05-10 13:45:09.713] 1239,68,97,0.0
[2026-05-10 13:45:10.030] [GetTemp--2147478764]:i2c write failed
[2026-05-10 13:45:10.032] 1240,68,97,0.0
[2026-05-10 13:45:10.093] HR=78 SpO2=97 (raw:83/97 valid:1/1 sqi:1)
[2026-05-10 13:45:10.111] [GetTemp--2147478764]:i2c write failed
[2026-05-10 13:45:10.117] 1241,68,97,0.0
[2026-05-10 13:45:10.222] [GetTemp--2147478764]:i2c write failed
[2026-05-10 13:45:10.224] 1242,68,97,0.0
[2026-05-10 13:45:10.317] [GetTemp--2147478764]:i2c write failed
[2026-05-10 13:45:10.317] 1243,68,97,0.0
[2026-05-10 13:45:10.429] [GetTemp--2147478764]:i2c write failed
[2026-05-10 13:45:10.431] 1244,68,97,0.0
[2026-05-10 13:45:10.733] [GetTemp--2147478764]:i2c write failed
[2026-05-10 13:45:10.735] 1245,68,97,0.0
[2026-05-10 13:45:10.829] [GetTemp--2147478764]:i2c write failed
[2026-05-10 13:45:10.829] 1246,68,97,0.0
[2026-05-10 13:45:10.925] [GetTemp--2147478764]:i2c write failed
[2026-05-10 13:45:10.929] 1247,68,97,0.0
[2026-05-10 13:45:11.037] [GetTemp--2147478764]:i2c write failed
[2026-05-10 13:45:11.042] 1248,68,97,0.0
[2026-05-10 13:45:11.116] HR=78 SpO2=97 (raw:88/98 valid:1/1 sqi:1)
[2026-05-10 13:45:11.133] [GetTemp--2147478764]:i2c write failed
[2026-05-10 13:45:11.133] 1249,68,97,0.0
[2026-05-10 13:45:11.438] [GetTemp--2147478764]:i2c write failed
[2026-05-10 13:45:11.443] 1250,68,97,0.0
[2026-05-10 13:45:11.550] [GetTemp--2147478764]:i2c write failed
[2026-05-10 13:45:11.550] 1251,68,97,0.0
[2026-05-10 13:45:11.646] [GetTemp--2147478764]:i2c write failed
[2026-05-10 13:45:11.648] 1252,68,97,0.0
[2026-05-10 13:45:11.743] [GetTemp--2147478764]:i2c write failed
[2026-05-10 13:45:11.743] 1253,68,97,0.0
[2026-05-10 13:45:11.839] [GetTemp--2147478764]:i2c write failed
[2026-05-10 13:45:11.839] 1254,68,97,0.0
[2026-05-10 13:45:12.080] HR=83 SpO2=97 (raw:88/98 valid:1/1 sqi:1)
[2026-05-10 13:45:12.159] [GetTemp--2147478764]:i2c write failed
[2026-05-10 13:45:12.159] 1255,73,97,0.0
[2026-05-10 13:45:12.255] [GetTemp--2147478764]:i2c write failed
[2026-05-10 13:45:12.257] 1256,73,97,0.0
[2026-05-10 13:45:12.350] [GetTemp--2147478764]:i2c write failed
[2026-05-10 13:45:12.350] 1257,73,97,0.0
[2026-05-10 13:45:12.446] [GetTemp--2147478764]:i2c write failed
[2026-05-10 13:45:12.449] 1258,73,97,0.0
[2026-05-10 13:45:12.558] [GetTemp--2147478764]:i2c write failed
[2026-05-10 13:45:12.561] 1259,73,97,0.0
[2026-05-10 13:45:12.864] [GetTemp--2147478764]:i2c write failed
[2026-05-10 13:45:12.864] 1260,73,97,0.0
[2026-05-10 13:45:12.960] [GetTemp--2147478764]:i2c write failed
[2026-05-10 13:45:12.964] 1261,73,97,0.0
[2026-05-10 13:45:13.056] [GetTemp--2147478764]:i2c write failed
[2026-05-10 13:45:13.060] 1262,73,97,0.0
[2026-05-10 13:45:13.167] [GetTemp--2147478764]:i2c write failed
[2026-05-10 13:45:13.169] 1263,73,97,0.0
[2026-05-10 13:45:13.246] HR=88 SpO2=97 (raw:93/97 valid:1/1 sqi:1)
[2026-05-10 13:45:13.254] [GetTemp--2147478764]:i2c write failed
[2026-05-10 13:45:13.254] 1264,78,97,0.0
[2026-05-10 13:45:13.566] [GetTemp--2147478764]:i2c write failed
[2026-05-10 13:45:13.582] 1265,78,97,0.0
[2026-05-10 13:45:13.679] [GetTemp--2147478764]:i2c write failed
[2026-05-10 13:45:13.681] 1266,78,97,0.0
[2026-05-10 13:45:13.774] [GetTemp--2147478764]:i2c write failed
[2026-05-10 13:45:13.776] 1267,78,97,0.0
[2026-05-10 13:45:13.869] [GetTemp--2147478764]:i2c write failed
[2026-05-10 13:45:13.873] 1268,78,97,0.0
[2026-05-10 13:45:13.965] [GetTemp--2147478764]:i2c write failed
[2026-05-10 13:45:13.968] 1269,78,97,0.0
[2026-05-10 13:45:14.286] [GetTemp--2147478764]:i2c write failed
[2026-05-10 13:45:14.288] 1270,78,97,0.0
[2026-05-10 13:45:14.382] [GetTemp--2147478764]:i2c write failed
[2026-05-10 13:45:14.385] 1271,78,97,0.0
[2026-05-10 13:45:14.478] [GetTemp--2147478764]:i2c write failed
[2026-05-10 13:45:14.482] 1272,78,97,0.0
[2026-05-10 13:45:14.494] HR=88 SpO2=97 (raw:83/97 valid:1/1 sqi:1)
[2026-05-10 13:45:14.590] [GetTemp--2147478764]:i2c write failed
[2026-05-10 13:45:14.590] 1273,78,97,0.0
[2026-05-10 13:45:14.686] [GetTemp--2147478764]:i2c write failed
[2026-05-10 13:45:14.686] 1274,78,97,0.0
[2026-05-10 13:45:14.990] [GetTemp--2147478764]:i2c write failed
[2026-05-10 13:45:14.992] 1275,78,97,0.0
[2026-05-10 13:45:15.087] [GetTemp--2147478764]:i2c write failed
[2026-05-10 13:45:15.089] 1276,78,97,0.0
[2026-05-10 13:45:15.199] [GetTemp--2147478764]:i2c write failed
[2026-05-10 13:45:15.199] 1277,78,97,0.0
[2026-05-10 13:45:15.295] [GetTemp--2147478764]:i2c write failed
[2026-05-10 13:45:15.297] 1278,78,97,0.0
[2026-05-10 13:45:15.391] [GetTemp--2147478764]:i2c write failed
[2026-05-10 13:45:15.393] 1279,78,97,0.0
[2026-05-10 13:45:15.615] HR=88 SpO2=98 (raw:89/98 valid:1/1 sqi:1)
[2026-05-10 13:45:15.710] [GetTemp--2147478764]:i2c write failed
[2026-05-10 13:45:15.710] 1280,78,98,0.0
[2026-05-10 13:45:15.806] [GetTemp--2147478764]:i2c write failed
[2026-05-10 13:45:15.808] 1281,78,98,0.0
[2026-05-10 13:45:15.903] [GetTemp--2147478764]:i2c write failed
[2026-05-10 13:45:15.907] 1282,78,98,0.0
[2026-05-10 13:45:15.998] [GetTemp--2147478764]:i2c write failed
[2026-05-10 13:45:15.998] 1283,78,98,0.0
[2026-05-10 13:45:16.094] [GetTemp--2147478764]:i2c write failed
[2026-05-10 13:45:16.110] 1284,78,98,0.0
[2026-05-10 13:45:16.416] [GetTemp--2147478764]:i2c write failed
[2026-05-10 13:45:16.418] 1285,78,98,0.0
[2026-05-10 13:45:16.512] [GetTemp--2147478764]:i2c write failed
[2026-05-10 13:45:16.512] 1286,78,98,0.0
[2026-05-10 13:45:16.609] [GetTemp--2147478764]:i2c write failed
[2026-05-10 13:45:16.611] 1287,78,98,0.0
[2026-05-10 13:45:16.630] HR=89 SpO2=97 (raw:89/97 valid:1/1 sqi:1)
[2026-05-10 13:45:16.722] [GetTemp--2147478764]:i2c write failed
[2026-05-10 13:45:16.722] 1288,79,97,0.0
[2026-05-10 13:45:16.817] [GetTemp--2147478764]:i2c write failed
[2026-05-10 13:45:16.817] 1289,79,97,0.0
[2026-05-10 13:45:17.121] [GetTemp--2147478764]:i2c write failed
[2026-05-10 13:45:17.123] 1290,79,97,0.0
[2026-05-10 13:45:17.217] [GetTemp--2147478764]:i2c write failed
[2026-05-10 13:45:17.217] 1291,79,97,0.0
[2026-05-10 13:45:17.329] [GetTemp--2147478764]:i2c write failed
[2026-05-10 13:45:17.329] 1292,79,97,0.0
[2026-05-10 13:45:17.345] HR = 0, SpO2 = 0, no finger!!!
[2026-05-10 13:45:17.425] [GetTemp--2147478764]:i2c write failed
[2026-05-10 13:45:17.427] 1293,0,0,0.0
[2026-05-10 13:45:17.521] [GetTemp--2147478764]:i2c write failed
[2026-05-10 13:45:17.524] 1294,0,0,0.0
[2026-05-10 13:45:17.827] [GetTemp--2147478764]:i2c write failed
[2026-05-10 13:45:17.829] 1295,0,0,0.0
[2026-05-10 13:45:17.939] [GetTemp--2147478764]:i2c write failed
[2026-05-10 13:45:17.941] 1296,0,0,0.0
[2026-05-10 13:45:18.035] [GetTemp--2147478764]:i2c write failed
[2026-05-10 13:45:18.038] 1297,0,0,0.0
[2026-05-10 13:45:18.132] [GetTemp--2147478764]:i2c write failed
[2026-05-10 13:45:18.132] 1298,0,0,0.0
[2026-05-10 13:45:18.228] [GetTemp--2147478764]:i2c write failed
[2026-05-10 13:45:18.230] 1299,0,0,0.0
[2026-05-10 13:45:18.549] [GetTemp--2147478764]:i2c write failed
[2026-05-10 13:45:18.551] 1300,0,0,0.0
[2026-05-10 13:45:18.645] [GetTemp--2147478764]:i2c write failed
[2026-05-10 13:45:18.647] 1301,0,0,0.0
[2026-05-10 13:45:18.742] [GetTemp--2147478764]:i2c write failed
[2026-05-10 13:45:18.744] 1302,0,0,0.0
[2026-05-10 13:45:18.837] [GetTemp--2147478764]:i2c write failed
[2026-05-10 13:45:18.837] 1303,0,0,0.0
[2026-05-10 13:45:18.934] [GetTemp--2147478764]:i2c write failed
[2026-05-10 13:45:18.938] 1304,0,0,0.0
[2026-05-10 13:45:19.256] [GetTemp--2147478764]:i2c write failed
[2026-05-10 13:45:19.258] 1305,0,0,0.0
[2026-05-10 13:45:19.352] [GetTemp--2147478764]:i2c write failed
[2026-05-10 13:45:19.355] 1306,0,0,0.0
[2026-05-10 13:45:19.447] [GetTemp--2147478764]:i2c write failed
[2026-05-10 13:45:19.451] 1307,0,0,0.0
[2026-05-10 13:45:19.560] [GetTemp--2147478764]:i2c write failed
[2026-05-10 13:45:19.562] 1308,0,0,0.0
[2026-05-10 13:45:19.655] [GetTemp--2147478764]:i2c write failed
[2026-05-10 13:45:19.655] 1309,0,0,0.0
[2026-05-10 13:45:19.940] [GetTemp--2147478764]:i2c write failed
[2026-05-10 13:45:19.956] 1310,0,0,0.0
[2026-05-10 13:45:20.068] [GetTemp--2147478764]:i2c write failed
[2026-05-10 13:45:20.068] 1311,0,0,0.0
[2026-05-10 13:45:20.164] [GetTemp--2147478764]:i2c write failed
[2026-05-10 13:45:20.164] 1312,0,0,0.0
[2026-05-10 13:45:20.243] [GetTemp--2147478764]:i2c write failed
[2026-05-10 13:45:20.257] 1313,0,0,0.0
[2026-05-10 13:45:20.370] [GetTemp--2147478764]:i2c write failed
[2026-05-10 13:45:20.370] 1314,0,0,0.0
[2026-05-10 13:45:20.663] [GetTemp--2147478764]:i2c write failed
[2026-05-10 13:45:20.667] 1315,0,0,0.0
[2026-05-10 13:45:20.765] [GetTemp--2147478764]:i2c write failed
[2026-05-10 13:45:20.767] 1316,0,0,0.0
[2026-05-10 13:45:20.864] [GetTemp--2147478764]:i2c write failed
[2026-05-10 13:45:20.867] 1317,0,0,0.0
[2026-05-10 13:45:20.973] [GetTemp--2147478764]:i2c write failed
[2026-05-10 13:45:20.973] 1318,0,0,0.0
[2026-05-10 13:45:21.054] [GetTemp--2147478764]:i2c write failed
[2026-05-10 13:45:21.054] 1319,0,0,0.0
[2026-05-10 13:45:21.388] [GetTemp--2147478764]:i2c write failed
[2026-05-10 13:45:21.388] 1320,0,0,0.0
[2026-05-10 13:45:21.484] [GetTemp--2147478764]:i2c write failed
[2026-05-10 13:45:21.484] 1321,0,0,0.0
[2026-05-10 13:45:21.580] [GetTemp--2147478764]:i2c write failed
[2026-05-10 13:45:21.580] 1322,0,0,0.0
[2026-05-10 13:45:21.675] [GetTemp--2147478764]:i2c write failed
[2026-05-10 13:45:21.678] 1323,0,0,0.0
[2026-05-10 13:45:21.788] [GetTemp--2147478764]:i2c write failed
[2026-05-10 13:45:21.788] 1324,0,0,0.0
[2026-05-10 13:45:22.092] [GetTemp--2147478764]:i2c write failed
[2026-05-10 13:45:22.092] 1325,0,0,0.0
[2026-05-10 13:45:22.189] [GetTemp--2147478764]:i2c write failed
[2026-05-10 13:45:22.192] 1326,0,0,0.0
[2026-05-10 13:45:22.284] [GetTemp--2147478764]:i2c write failed
[2026-05-10 13:45:22.291] 1327,0,0,0.0
[2026-05-10 13:45:22.396] [GetTemp--2147478764]:i2c write failed
[2026-05-10 13:45:22.399] 1328,0,0,0.0
[2026-05-10 13:45:22.491] [GetTemp--2147478764]:i2c write failed
[2026-05-10 13:45:22.493] 1329,0,0,0.0
[2026-05-10 13:45:22.795] [GetTemp--2147478764]:i2c write failed
[2026-05-10 13:45:22.811] 1330,0,0,0.0
[2026-05-10 13:45:22.907] [GetTemp--2147478764]:i2c write failed
[2026-05-10 13:45:22.907] 1331,0,0,0.0
[2026-05-10 13:45:23.002] [GetTemp--2147478764]:i2c write failed
[2026-05-10 13:45:23.002] 1332,0,0,0.0
[2026-05-10 13:45:23.099] [GetTemp--2147478764]:i2c write failed
[2026-05-10 13:45:23.101] 1333,0,0,0.0
[2026-05-10 13:45:23.195] [GetTemp--2147478764]:i2c write failed
[2026-05-10 13:45:23.197] 1334,0,0,0.0
[2026-05-10 13:45:23.514] [GetTemp--2147478764]:i2c write failed
[2026-05-10 13:45:23.515] 1335,0,0,0.0
[2026-05-10 13:45:23.609] [GetTemp--2147478764]:i2c write failed
[2026-05-10 13:45:23.609] 1336,0,0,0.0
[2026-05-10 13:45:23.705] [GetTemp--2147478764]:i2c write failed
[2026-05-10 13:45:23.705] 1337,0,0,0.0
[2026-05-10 13:45:23.817] [GetTemp--2147478764]:i2c write failed
[2026-05-10 13:45:23.819] 1338,0,0,0.0
[2026-05-10 13:45:23.912] [GetTemp--2147478764]:i2c write failed
[2026-05-10 13:45:23.914] 1339,0,0,0.0
[2026-05-10 13:45:24.216] [GetTemp--2147478764]:i2c write failed
[2026-05-10 13:45:24.217] 1340,0,0,0.0
[2026-05-10 13:45:24.327] [GetTemp--2147478764]:i2c write failed
[2026-05-10 13:45:24.330] 1341,0,0,0.0
[2026-05-10 13:45:24.423] [GetTemp--2147478764]:i2c write failed
[2026-05-10 13:45:24.428] 1342,0,0,0.0
[2026-05-10 13:45:24.521] [GetTemp--2147478764]:i2c write failed
[2026-05-10 13:45:24.522] 1343,0,0,0.0
[2026-05-10 13:45:24.616] [GetTemp--2147478764]:i2c write failed
[2026-05-10 13:45:24.618] 1344,0,0,0.0
[2026-05-10 13:45:24.936] [GetTemp--2147478764]:i2c write failed
[2026-05-10 13:45:24.939] 1345,0,0,0.0
[2026-05-10 13:45:25.032] [GetTemp--2147478764]:i2c write failed
[2026-05-10 13:45:25.035] 1346,0,0,0.0
[2026-05-10 13:45:25.127] [GetTemp--2147478764]:i2c write failed
[2026-05-10 13:45:25.128] 1347,0,0,0.0
[2026-05-10 13:45:25.238] [GetTemp--2147478764]:i2c write failed
[2026-05-10 13:45:25.238] 1348,0,0,0.0
[2026-05-10 13:45:25.334] [GetTemp--2147478764]:i2c write failed
[2026-05-10 13:45:25.334] 1349,0,0,0.0
[2026-05-10 13:45:25.639] [GetTemp--2147478764]:i2c write failed
[2026-05-10 13:45:25.639] 1350,0,0,0.0
[2026-05-10 13:45:25.735] [GetTemp--2147478764]:i2c write failed
[2026-05-10 13:45:25.741] 1351,0,0,0.0
