[2026-05-10 13:46:21.030] [GetTemp--2147478764]:i2c write failed
[2026-05-10 13:46:21.030] 1740,78,98,0.0
[2026-05-10 13:46:21.093] HR=88 SpO2=98 (raw:93/99 valid:1/1 sqi:1)
[2026-05-10 13:46:21.116] [GetTemp--2147478764]:i2c write failed
[2026-05-10 13:46:21.116] 1741,78,98,0.0
[2026-05-10 13:46:21.221] [GetTemp--2147478764]:i2c write failed
[2026-05-10 13:46:21.221] 1742,78,98,0.0
[2026-05-10 13:46:21.318] [GetTemp--2147478764]:i2c write failed
[2026-05-10 13:46:21.320] 1743,78,98,0.0
[2026-05-10 13:46:21.430] [GetTemp--2147478764]:i2c write failed
[2026-05-10 13:46:21.432] 1744,78,98,0.0
[2026-05-10 13:46:21.734] [GetTemp--2147478764]:i2c write failed
[2026-05-10 13:46:21.736] 1745,78,98,0.0
[2026-05-10 13:46:21.830] [GetTemp--2147478764]:i2c write failed
[2026-05-10 13:46:21.830] 1746,78,98,0.0
[2026-05-10 13:46:21.941] [GetTemp--2147478764]:i2c write failed
[2026-05-10 13:46:21.941] 1747,78,98,0.0
[2026-05-10 13:46:22.038] [GetTemp--2147478764]:i2c write failed
[2026-05-10 13:46:22.038] 1748,78,98,0.0
[2026-05-10 13:46:22.117] HR=88 SpO2=98 (raw:100/99 valid:1/1 sqi:1)
[2026-05-10 13:46:22.126] [GetTemp--2147478764]:i2c write failed
[2026-05-10 13:46:22.128] 1749,78,98,0.0
[2026-05-10 13:46:22.437] [GetTemp--2147478764]:i2c write failed
[2026-05-10 13:46:22.453] 1750,78,98,0.0
[2026-05-10 13:46:22.549] [GetTemp--2147478764]:i2c write failed
[2026-05-10 13:46:22.551] 1751,78,98,0.0
[2026-05-10 13:46:22.645] [GetTemp--2147478764]:i2c write failed
[2026-05-10 13:46:22.645] 1752,78,98,0.0
[2026-05-10 13:46:22.742] [GetTemp--2147478764]:i2c write failed
[2026-05-10 13:46:22.744] 1753,78,98,0.0
[2026-05-10 13:46:22.838] [GetTemp--2147478764]:i2c write failed
[2026-05-10 13:46:22.841] 1754,78,98,0.0
[2026-05-10 13:46:23.079] HR=93 SpO2=98 (raw:101/98 valid:1/1 sqi:1)
[2026-05-10 13:46:23.160] [GetTemp--2147478764]:i2c write failed
[2026-05-10 13:46:23.161] 1755,83,98,0.0
[2026-05-10 13:46:23.256] [GetTemp--2147478764]:i2c write failed
[2026-05-10 13:46:23.256] 1756,83,98,0.0
[2026-05-10 13:46:23.351] [GetTemp--2147478764]:i2c write failed
[2026-05-10 13:46:23.355] 1757,83,98,0.0
[2026-05-10 13:46:23.448] [GetTemp--2147478764]:i2c write failed
[2026-05-10 13:46:23.450] 1758,83,98,0.0
[2026-05-10 13:46:23.560] [GetTemp--2147478764]:i2c write failed
[2026-05-10 13:46:23.562] 1759,83,98,0.0
[2026-05-10 13:46:23.864] [GetTemp--2147478764]:i2c write failed
[2026-05-10 13:46:23.866] 1760,83,98,0.0
[2026-05-10 13:46:23.961] [GetTemp--2147478764]:i2c write failed
[2026-05-10 13:46:23.962] 1761,83,98,0.0
[2026-05-10 13:46:24.057] [GetTemp--2147478764]:i2c write failed
[2026-05-10 13:46:24.057] 1762,83,98,0.0
[2026-05-10 13:46:24.169] [GetTemp--2147478764]:i2c write failed
[2026-05-10 13:46:24.169] 1763,83,98,0.0
[2026-05-10 13:46:24.266] [GetTemp--2147478764]:i2c write failed
[2026-05-10 13:46:24.266] 1764,83,98,0.0
[2026-05-10 13:46:24.490] HR=100 SpO2=98 (raw:100/98 valid:1/1 sqi:1)
[2026-05-10 13:46:24.569] [GetTemp--2147478764]:i2c write failed
[2026-05-10 13:46:24.569] 1765,90,98,0.0
[2026-05-10 13:46:24.666] [GetTemp--2147478764]:i2c write failed
[2026-05-10 13:46:24.671] 1766,90,98,0.0
[2026-05-10 13:46:24.778] [GetTemp--2147478764]:i2c write failed
[2026-05-10 13:46:24.780] 1767,90,98,0.0
[2026-05-10 13:46:24.874] [GetTemp--2147478764]:i2c write failed
[2026-05-10 13:46:24.874] 1768,90,98,0.0
[2026-05-10 13:46:24.970] [GetTemp--2147478764]:i2c write failed
[2026-05-10 13:46:24.970] 1769,90,98,0.0
[2026-05-10 13:46:25.277] [GetTemp--2147478764]:i2c write failed
[2026-05-10 13:46:25.281] 1770,90,98,0.0
[2026-05-10 13:46:25.389] [GetTemp--2147478764]:i2c write failed
[2026-05-10 13:46:25.389] 1771,90,98,0.0
[2026-05-10 13:46:25.485] [GetTemp--2147478764]:i2c write failed
[2026-05-10 13:46:25.487] 1772,90,98,0.0
[2026-05-10 13:46:25.501] HR=100 SpO2=98 (raw:100/98 valid:1/1 sqi:1)
[2026-05-10 13:46:25.581] [GetTemp--2147478764]:i2c write failed
[2026-05-10 13:46:25.583] 1773,90,98,0.0
[2026-05-10 13:46:25.677] [GetTemp--2147478764]:i2c write failed
[2026-05-10 13:46:25.683] 1774,90,98,0.0
[2026-05-10 13:46:25.998] [GetTemp--2147478764]:i2c write failed
[2026-05-10 13:46:26.000] 1775,90,98,0.0
[2026-05-10 13:46:26.094] [GetTemp--2147478764]:i2c write failed
[2026-05-10 13:46:26.097] 1776,90,98,0.0
[2026-05-10 13:46:26.190] [GetTemp--2147478764]:i2c write failed
[2026-05-10 13:46:26.190] 1777,90,98,0.0
[2026-05-10 13:46:26.287] [GetTemp--2147478764]:i2c write failed
[2026-05-10 13:46:26.291] 1778,90,98,0.0
[2026-05-10 13:46:26.399] [GetTemp--2147478764]:i2c write failed
[2026-05-10 13:46:26.401] 1779,90,98,0.0
[2026-05-10 13:46:26.623] HR=100 SpO2=98 (raw:100/99 valid:1/1 sqi:1)
[2026-05-10 13:46:26.703] [GetTemp--2147478764]:i2c write failed
[2026-05-10 13:46:26.706] 1780,90,98,0.0
[2026-05-10 13:46:26.799] [GetTemp--2147478764]:i2c write failed
[2026-05-10 13:46:26.801] 1781,90,98,0.0
[2026-05-10 13:46:26.911] [GetTemp--2147478764]:i2c write failed
[2026-05-10 13:46:26.913] 1782,90,98,0.0
[2026-05-10 13:46:27.007] [GetTemp--2147478764]:i2c write failed
[2026-05-10 13:46:27.007] 1783,90,98,0.0
[2026-05-10 13:46:27.102] [GetTemp--2147478764]:i2c write failed
[2026-05-10 13:46:27.104] 1784,90,98,0.0
[2026-05-10 13:46:27.407] [GetTemp--2147478764]:i2c write failed
[2026-05-10 13:46:27.423] 1785,90,98,0.0
[2026-05-10 13:46:27.520] [GetTemp--2147478764]:i2c write failed
[2026-05-10 13:46:27.520] 1786,90,98,0.0
[2026-05-10 13:46:27.616] [GetTemp--2147478764]:i2c write failed
[2026-05-10 13:46:27.618] 1787,90,98,0.0
[2026-05-10 13:46:27.632] HR=100 SpO2=98 (raw:100/97 valid:1/1 sqi:1)
[2026-05-10 13:46:27.712] [GetTemp--2147478764]:i2c write failed
[2026-05-10 13:46:27.712] 1788,90,98,0.0
[2026-05-10 13:46:27.808] [GetTemp--2147478764]:i2c write failed
[2026-05-10 13:46:27.810] 1789,90,98,0.0
[2026-05-10 13:46:28.129] [GetTemp--2147478764]:i2c write failed
[2026-05-10 13:46:28.131] 1790,90,98,0.0
[2026-05-10 13:46:28.225] [GetTemp--2147478764]:i2c write failed
[2026-05-10 13:46:28.227] 1791,90,98,0.0
[2026-05-10 13:46:28.321] [GetTemp--2147478764]:i2c write failed
[2026-05-10 13:46:28.325] 1792,90,98,0.0
[2026-05-10 13:46:28.418] [GetTemp--2147478764]:i2c write failed
[2026-05-10 13:46:28.418] 1793,90,98,0.0
[2026-05-10 13:46:28.530] [GetTemp--2147478764]:i2c write failed
[2026-05-10 13:46:28.532] 1794,90,98,0.0
[2026-05-10 13:46:28.834] [GetTemp--2147478764]:i2c write failed
[2026-05-10 13:46:28.834] 1795,90,98,0.0
[2026-05-10 13:46:28.898] HR=100 SpO2=98 (raw:105/97 valid:1/1 sqi:1)
[2026-05-10 13:46:28.913] [GetTemp--2147478764]:i2c write failed
[2026-05-10 13:46:28.913] 1796,90,98,0.0
[2026-05-10 13:46:29.026] [GetTemp--2147478764]:i2c write failed
[2026-05-10 13:46:29.030] 1797,90,98,0.0
[2026-05-10 13:46:29.138] [GetTemp--2147478764]:i2c write failed
[2026-05-10 13:46:29.140] 1798,90,98,0.0
[2026-05-10 13:46:29.233] [GetTemp--2147478764]:i2c write failed
[2026-05-10 13:46:29.233] 1799,90,98,0.0
[2026-05-10 13:46:29.540] [GetTemp--2147478764]:i2c write failed
[2026-05-10 13:46:29.555] 1800,90,98,0.0
[2026-05-10 13:46:29.651] [GetTemp--2147478764]:i2c write failed
[2026-05-10 13:46:29.654] 1801,90,98,0.0
[2026-05-10 13:46:29.748] [GetTemp--2147478764]:i2c write failed
[2026-05-10 13:46:29.750] 1802,90,98,0.0
[2026-05-10 13:46:29.844] [GetTemp--2147478764]:i2c write failed
[2026-05-10 13:46:29.846] 1803,90,98,0.0
[2026-05-10 13:46:29.940] HR=100 SpO2=98 (raw:89/98 valid:1/1 sqi:1)
[2026-05-10 13:46:29.942] [GetTemp--2147478764]:i2c write failed
[2026-05-10 13:46:29.942] 1804,90,98,0.0
[2026-05-10 13:46:30.262] [GetTemp--2147478764]:i2c write failed
[2026-05-10 13:46:30.264] 1805,90,98,0.0
[2026-05-10 13:46:30.358] [GetTemp--2147478764]:i2c write failed
[2026-05-10 13:46:30.358] 1806,90,98,0.0
[2026-05-10 13:46:30.454] [GetTemp--2147478764]:i2c write failed
[2026-05-10 13:46:30.456] 1807,90,98,0.0
[2026-05-10 13:46:30.549] [GetTemp--2147478764]:i2c write failed
[2026-05-10 13:46:30.549] 1808,90,98,0.0
[2026-05-10 13:46:30.661] [GetTemp--2147478764]:i2c write failed
[2026-05-10 13:46:30.661] 1809,90,98,0.0
[2026-05-10 13:46:30.902] HR=100 SpO2=98 (raw:90/98 valid:1/1 sqi:1)
[2026-05-10 13:46:30.966] [GetTemp--2147478764]:i2c write failed
[2026-05-10 13:46:30.966] 1810,90,98,0.0
[2026-05-10 13:46:31.062] [GetTemp--2147478764]:i2c write failed
[2026-05-10 13:46:31.062] 1811,90,98,0.0
[2026-05-10 13:46:31.158] [GetTemp--2147478764]:i2c write failed
[2026-05-10 13:46:31.160] 1812,90,98,0.0
[2026-05-10 13:46:31.269] [GetTemp--2147478764]:i2c write failed
[2026-05-10 13:46:31.271] 1813,90,98,0.0
[2026-05-10 13:46:31.365] [GetTemp--2147478764]:i2c write failed
[2026-05-10 13:46:31.365] 1814,90,98,0.0
[2026-05-10 13:46:31.670] [GetTemp--2147478764]:i2c write failed
[2026-05-10 13:46:31.686] 1815,90,98,0.0
[2026-05-10 13:46:31.781] [GetTemp--2147478764]:i2c write failed
[2026-05-10 13:46:31.781] 1816,90,98,0.0
[2026-05-10 13:46:31.877] [GetTemp--2147478764]:i2c write failed
[2026-05-10 13:46:31.879] 1817,90,98,0.0
[2026-05-10 13:46:31.972] [GetTemp--2147478764]:i2c write failed
[2026-05-10 13:46:31.974] 1818,90,98,0.0
[2026-05-10 13:46:32.052] HR=90 SpO2=98 (raw:88/98 valid:1/1 sqi:1)
[2026-05-10 13:46:32.066] [GetTemp--2147478764]:i2c write failed
[2026-05-10 13:46:32.069] 1819,80,98,0.0
[2026-05-10 13:46:32.387] [GetTemp--2147478764]:i2c write failed
[2026-05-10 13:46:32.389] 1820,80,98,0.0
[2026-05-10 13:46:32.483] [GetTemp--2147478764]:i2c write failed
[2026-05-10 13:46:32.483] 1821,80,98,0.0
[2026-05-10 13:46:32.578] [GetTemp--2147478764]:i2c write failed
[2026-05-10 13:46:32.583] 1822,80,98,0.0
[2026-05-10 13:46:32.690] [GetTemp--2147478764]:i2c write failed
[2026-05-10 13:46:32.690] 1823,80,98,0.0
[2026-05-10 13:46:32.786] [GetTemp--2147478764]:i2c write failed
[2026-05-10 13:46:32.786] 1824,80,98,0.0
[2026-05-10 13:46:33.090] [GetTemp--2147478764]:i2c write failed
[2026-05-10 13:46:33.092] 1825,80,98,0.0
[2026-05-10 13:46:33.186] [GetTemp--2147478764]:i2c write failed
[2026-05-10 13:46:33.186] 1826,80,98,0.0
[2026-05-10 13:46:33.298] [GetTemp--2147478764]:i2c write failed
[2026-05-10 13:46:33.298] 1827,80,98,0.0
[2026-05-10 13:46:33.314] HR=90 SpO2=98 (raw:90/99 valid:1/1 sqi:1)
[2026-05-10 13:46:33.394] [GetTemp--2147478764]:i2c write failed
[2026-05-10 13:46:33.396] 1828,80,98,0.0
[2026-05-10 13:46:33.490] [GetTemp--2147478764]:i2c write failed
[2026-05-10 13:46:33.492] 1829,80,98,0.0
[2026-05-10 13:46:33.797] [GetTemp--2147478764]:i2c write failed
[2026-05-10 13:46:33.813] 1830,80,98,0.0
[2026-05-10 13:46:33.910] [GetTemp--2147478764]:i2c write failed
[2026-05-10 13:46:33.910] 1831,80,98,0.0
[2026-05-10 13:46:34.005] [GetTemp--2147478764]:i2c write failed
[2026-05-10 13:46:34.007] 1832,80,98,0.0
[2026-05-10 13:46:34.102] [GetTemp--2147478764]:i2c write failed
[2026-05-10 13:46:34.104] 1833,80,98,0.0
[2026-05-10 13:46:34.198] [GetTemp--2147478764]:i2c write failed
[2026-05-10 13:46:34.198] 1834,80,98,0.0
[2026-05-10 13:46:34.439] HR=90 SpO2=98 (raw:90/99 valid:1/1 sqi:1)
[2026-05-10 13:46:34.519] [GetTemp--2147478764]:i2c write failed
[2026-05-10 13:46:34.519] 1835,80,98,0.0
[2026-05-10 13:46:34.614] [GetTemp--2147478764]:i2c write failed
[2026-05-10 13:46:34.616] 1836,80,98,0.0
[2026-05-10 13:46:34.710] [GetTemp--2147478764]:i2c write failed
[2026-05-10 13:46:34.710] 1837,80,98,0.0
[2026-05-10 13:46:34.806] [GetTemp--2147478764]:i2c write failed
[2026-05-10 13:46:34.822] 1838,80,98,0.0
[2026-05-10 13:46:34.917] [GetTemp--2147478764]:i2c write failed
[2026-05-10 13:46:34.919] 1839,80,98,0.0
[2026-05-10 13:46:35.222] [GetTemp--2147478764]:i2c write failed
[2026-05-10 13:46:35.222] 1840,80,98,0.0
[2026-05-10 13:46:35.318] [GetTemp--2147478764]:i2c write failed
[2026-05-10 13:46:35.318] 1841,80,98,0.0
[2026-05-10 13:46:35.429] [GetTemp--2147478764]:i2c write failed
[2026-05-10 13:46:35.429] 1842,80,98,0.0
[2026-05-10 13:46:35.445] HR=90 SpO2=99 (raw:92/99 valid:1/1 sqi:1)
[2026-05-10 13:46:35.525] [GetTemp--2147478764]:i2c write failed
[2026-05-10 13:46:35.526] 1843,80,99,0.0
[2026-05-10 13:46:35.621] [GetTemp--2147478764]:i2c write failed
[2026-05-10 13:46:35.621] 1844,80,99,0.0
[2026-05-10 13:46:35.941] [GetTemp--2147478764]:i2c write failed
[2026-05-10 13:46:35.943] 1845,80,99,0.0
[2026-05-10 13:46:36.036] [GetTemp--2147478764]:i2c write failed
[2026-05-10 13:46:36.036] 1846,80,99,0.0
[2026-05-10 13:46:36.131] [GetTemp--2147478764]:i2c write failed
[2026-05-10 13:46:36.133] 1847,80,99,0.0
[2026-05-10 13:46:36.226] [GetTemp--2147478764]:i2c write failed
[2026-05-10 13:46:36.242] 1848,80,99,0.0
[2026-05-10 13:46:36.337] [GetTemp--2147478764]:i2c write failed
[2026-05-10 13:46:36.337] 1849,80,99,0.0
[2026-05-10 13:46:36.560] HR=90 SpO2=99 (raw:90/98 valid:1/1 sqi:1)
[2026-05-10 13:46:36.639] [GetTemp--2147478764]:i2c write failed
[2026-05-10 13:46:36.639] 1850,80,99,0.0
[2026-05-10 13:46:36.751] [GetTemp--2147478764]:i2c write failed
[2026-05-10 13:46:36.751] 1851,80,99,0.0
[2026-05-10 13:46:36.846] [GetTemp--2147478764]:i2c write failed
[2026-05-10 13:46:36.846] 1852,80,99,0.0
[2026-05-10 13:46:36.942] [GetTemp--2147478764]:i2c write failed
[2026-05-10 13:46:36.942] 1853,80,99,0.0
[2026-05-10 13:46:37.038] [GetTemp--2147478764]:i2c write failed
[2026-05-10 13:46:37.038] 1854,80,99,0.0
[2026-05-10 13:46:37.360] [GetTemp--2147478764]:i2c write failed
[2026-05-10 13:46:37.362] 1855,80,99,0.0
[2026-05-10 13:46:37.455] [GetTemp--2147478764]:i2c write failed
[2026-05-10 13:46:37.455] 1856,80,99,0.0
[2026-05-10 13:46:37.551] [GetTemp--2147478764]:i2c write failed
[2026-05-10 13:46:37.553] 1857,80,99,0.0
[2026-05-10 13:46:37.647] [GetTemp--2147478764]:i2c write failed
[2026-05-10 13:46:37.647] 1858,80,99,0.0
[2026-05-10 13:46:37.744] HR=90 SpO2=99 (raw:93/99 valid:1/1 sqi:1)
[2026-05-10 13:46:37.746] [GetTemp--2147478764]:i2c write failed
[2026-05-10 13:46:37.748] 1859,80,99,0.0
[2026-05-10 13:46:38.063] [GetTemp--2147478764]:i2c write failed
[2026-05-10 13:46:38.066] 1860,80,99,0.0
[2026-05-10 13:46:38.159] [GetTemp--2147478764]:i2c write failed
[2026-05-10 13:46:38.163] 1861,80,99,0.0
[2026-05-10 13:46:38.270] [GetTemp--2147478764]:i2c write failed
[2026-05-10 13:46:38.270] 1862,80,99,0.0
[2026-05-10 13:46:38.366] [GetTemp--2147478764]:i2c write failed
[2026-05-10 13:46:38.368] 1863,80,99,0.0
[2026-05-10 13:46:38.463] [GetTemp--2147478764]:i2c write failed
[2026-05-10 13:46:38.465] 1864,80,99,0.0
[2026-05-10 13:46:38.703] HR=90 SpO2=99 (raw:89/99 valid:1/1 sqi:1)
[2026-05-10 13:46:38.767] [GetTemp--2147478764]:i2c write failed
[2026-05-10 13:46:38.767] 1865,80,99,0.0
[2026-05-10 13:46:38.879] [GetTemp--2147478764]:i2c write failed
[2026-05-10 13:46:38.879] 1866,80,99,0.0
[2026-05-10 13:46:38.974] [GetTemp--2147478764]:i2c write failed
[2026-05-10 13:46:38.976] 1867,80,99,0.0
[2026-05-10 13:46:39.070] [GetTemp--2147478764]:i2c write failed
[2026-05-10 13:46:39.070] 1868,80,99,0.0
[2026-05-10 13:46:39.166] [GetTemp--2147478764]:i2c write failed
[2026-05-10 13:46:39.168] 1869,80,99,0.0
[2026-05-10 13:46:39.488] [GetTemp--2147478764]:i2c write failed
[2026-05-10 13:46:39.490] 1870,80,99,0.0
[2026-05-10 13:46:39.584] [GetTemp--2147478764]:i2c write failed
[2026-05-10 13:46:39.586] 1871,80,99,0.0
[2026-05-10 13:46:39.679] [GetTemp--2147478764]:i2c write failed
[2026-05-10 13:46:39.679] 1872,80,99,0.0
[2026-05-10 13:46:39.791] [GetTemp--2147478764]:i2c write failed
[2026-05-10 13:46:39.791] 1873,80,99,0.0
[2026-05-10 13:46:39.871] HR=92 SpO2=99 (raw:92/97 valid:1/1 sqi:1)
[2026-05-10 13:46:39.873] [GetTemp--2147478764]:i2c write failed
[2026-05-10 13:46:39.873] 1874,82,99,0.0
[2026-05-10 13:46:40.192] [GetTemp--2147478764]:i2c write failed
[2026-05-10 13:46:40.194] 1875,82,99,0.0
[2026-05-10 13:46:40.287] [GetTemp--2147478764]:i2c write failed
[2026-05-10 13:46:40.287] 1876,82,99,0.0
[2026-05-10 13:46:40.400] [GetTemp--2147478764]:i2c write failed
[2026-05-10 13:46:40.402] 1877,82,99,0.0
[2026-05-10 13:46:40.495] [GetTemp--2147478764]:i2c write failed
[2026-05-10 13:46:40.495] 1878,82,99,0.0
[2026-05-10 13:46:40.592] [GetTemp--2147478764]:i2c write failed
[2026-05-10 13:46:40.594] 1879,82,99,0.0
[2026-05-10 13:46:40.896] [GetTemp--2147478764]:i2c write failed
[2026-05-10 13:46:40.912] 1880,82,99,0.0
[2026-05-10 13:46:40.976] HR=92 SpO2=98 (raw:93/98 valid:1/1 sqi:1)
[2026-05-10 13:46:40.996] [GetTemp--2147478764]:i2c write failed
[2026-05-10 13:46:40.996] 1881,82,98,0.0
[2026-05-10 13:46:41.103] [GetTemp--2147478764]:i2c write failed
[2026-05-10 13:46:41.105] 1882,82,98,0.0
[2026-05-10 13:46:41.199] [GetTemp--2147478764]:i2c write failed
[2026-05-10 13:46:41.199] 1883,82,98,0.0
[2026-05-10 13:46:41.311] [GetTemp--2147478764]:i2c write failed
[2026-05-10 13:46:41.311] 1884,82,98,0.0
[2026-05-10 13:46:41.618] [GetTemp--2147478764]:i2c write failed
[2026-05-10 13:46:41.620] 1885,82,98,0.0
[2026-05-10 13:46:41.714] [GetTemp--2147478764]:i2c write failed
[2026-05-10 13:46:41.714] 1886,82,98,0.0
[2026-05-10 13:46:41.810] [GetTemp--2147478764]:i2c write failed
[2026-05-10 13:46:41.810] 1887,82,98,0.0
[2026-05-10 13:46:41.906] [GetTemp--2147478764]:i2c write failed
[2026-05-10 13:46:41.906] 1888,82,98,0.0
[2026-05-10 13:46:42.018] [GetTemp--2147478764]:i2c write failed
[2026-05-10 13:46:42.020] 1889,82,98,0.0
[2026-05-10 13:46:42.242] HR=93 SpO2=98 (raw:93/98 valid:1/1 sqi:1)
[2026-05-10 13:46:42.322] [GetTemp--2147478764]:i2c write failed
[2026-05-10 13:46:42.322] 1890,83,98,0.0
[2026-05-10 13:46:42.419] [GetTemp--2147478764]:i2c write failed
[2026-05-10 13:46:42.419] 1891,83,98,0.0
[2026-05-10 13:46:42.531] [GetTemp--2147478764]:i2c write failed
[2026-05-10 13:46:42.531] 1892,83,98,0.0
[2026-05-10 13:46:42.627] [GetTemp--2147478764]:i2c write failed
[2026-05-10 13:46:42.627] 1893,83,98,0.0
[2026-05-10 13:46:42.723] [GetTemp--2147478764]:i2c write failed
[2026-05-10 13:46:42.723] 1894,83,98,0.0
[2026-05-10 13:46:43.027] [GetTemp--2147478764]:i2c write failed
[2026-05-10 13:46:43.030] 1895,83,98,0.0
[2026-05-10 13:46:43.139] [GetTemp--2147478764]:i2c write failed
[2026-05-10 13:46:43.142] 1896,83,98,0.0
[2026-05-10 13:46:43.235] [GetTemp--2147478764]:i2c write failed
[2026-05-10 13:46:43.235] 1897,83,98,0.0
[2026-05-10 13:46:43.267] HR=93 SpO2=98 (raw:95/99 valid:1/1 sqi:1)
[2026-05-10 13:46:43.331] [GetTemp--2147478764]:i2c write failed
[2026-05-10 13:46:43.333] 1898,83,98,0.0
[2026-05-10 13:46:43.426] [GetTemp--2147478764]:i2c write failed
[2026-05-10 13:46:43.442] 1899,83,98,0.0
[2026-05-10 13:46:43.747] [GetTemp--2147478764]:i2c write failed
[2026-05-10 13:46:43.749] 1900,83,98,0.0
[2026-05-10 13:46:43.843] [GetTemp--2147478764]:i2c write failed
[2026-05-10 13:46:43.843] 1901,83,98,0.0
[2026-05-10 13:46:43.938] [GetTemp--2147478764]:i2c write failed
[2026-05-10 13:46:43.938] 1902,83,98,0.0
[2026-05-10 13:46:44.050] [GetTemp--2147478764]:i2c write failed
[2026-05-10 13:46:44.050] 1903,83,98,0.0
[2026-05-10 13:46:44.146] [GetTemp--2147478764]:i2c write failed
[2026-05-10 13:46:44.150] 1904,83,98,0.0
[2026-05-10 13:46:44.371] HR=93 SpO2=98 (raw:88/99 valid:1/1 sqi:1)
[2026-05-10 13:46:44.451] [GetTemp--2147478764]:i2c write failed
[2026-05-10 13:46:44.451] 1905,83,98,0.0
[2026-05-10 13:46:44.548] [GetTemp--2147478764]:i2c write failed
[2026-05-10 13:46:44.550] 1906,83,98,0.0
[2026-05-10 13:46:44.660] [GetTemp--2147478764]:i2c write failed
[2026-05-10 13:46:44.660] 1907,83,98,0.0
[2026-05-10 13:46:44.756] [GetTemp--2147478764]:i2c write failed
[2026-05-10 13:46:44.756] 1908,83,98,0.0
[2026-05-10 13:46:44.852] [GetTemp--2147478764]:i2c write failed
[2026-05-10 13:46:44.852] 1909,83,98,0.0
[2026-05-10 13:46:45.157] [GetTemp--2147478764]:i2c write failed
[2026-05-10 13:46:45.173] 1910,83,98,0.0
[2026-05-10 13:46:45.269] [GetTemp--2147478764]:i2c write failed
[2026-05-10 13:46:45.269] 1911,83,98,0.0
[2026-05-10 13:46:45.366] [GetTemp--2147478764]:i2c write failed
[2026-05-10 13:46:45.368] 1912,83,98,0.0
[2026-05-10 13:46:45.386] HR=93 SpO2=99 (raw:83/99 valid:1/1 sqi:1)
[2026-05-10 13:46:45.463] [GetTemp--2147478764]:i2c write failed
[2026-05-10 13:46:45.463] 1913,83,99,0.0
[2026-05-10 13:46:45.558] [GetTemp--2147478764]:i2c write failed
[2026-05-10 13:46:45.558] 1914,83,99,0.0
[2026-05-10 13:46:45.880] [GetTemp--2147478764]:i2c write failed
[2026-05-10 13:46:45.882] 1915,83,99,0.0
[2026-05-10 13:46:45.977] [GetTemp--2147478764]:i2c write failed
[2026-05-10 13:46:45.977] 1916,83,99,0.0
[2026-05-10 13:46:46.073] [GetTemp--2147478764]:i2c write failed
[2026-05-10 13:46:46.073] 1917,83,99,0.0
[2026-05-10 13:46:46.169] [GetTemp--2147478764]:i2c write failed
[2026-05-10 13:46:46.171] 1918,83,99,0.0
[2026-05-10 13:46:46.266] [GetTemp--2147478764]:i2c write failed
[2026-05-10 13:46:46.282] 1919,83,99,0.0
[2026-05-10 13:46:46.522] HR=89 SpO2=99 (raw:89/99 valid:1/1 sqi:1)
[2026-05-10 13:46:46.587] [GetTemp--2147478764]:i2c write failed
[2026-05-10 13:46:46.587] 1920,79,99,0.0
[2026-05-10 13:46:46.683] [GetTemp--2147478764]:i2c write failed
[2026-05-10 13:46:46.683] 1921,79,99,0.0
[2026-05-10 13:46:46.778] [GetTemp--2147478764]:i2c write failed
[2026-05-10 13:46:46.794] 1922,79,99,0.0
[2026-05-10 13:46:46.889] [GetTemp--2147478764]:i2c write failed
[2026-05-10 13:46:46.889] 1923,79,99,0.0
[2026-05-10 13:46:46.985] [GetTemp--2147478764]:i2c write failed
[2026-05-10 13:46:46.986] 1924,79,99,0.0
[2026-05-10 13:46:47.289] [GetTemp--2147478764]:i2c write failed
[2026-05-10 13:46:47.306] 1925,79,99,0.0
[2026-05-10 13:46:47.401] [GetTemp--2147478764]:i2c write failed
[2026-05-10 13:46:47.401] 1926,79,99,0.0
[2026-05-10 13:46:47.498] [GetTemp--2147478764]:i2c write failed
[2026-05-10 13:46:47.500] 1927,79,99,0.0
[2026-05-10 13:46:47.593] [GetTemp--2147478764]:i2c write failed
[2026-05-10 13:46:47.597] 1928,79,99,0.0
[2026-05-10 13:46:47.673] HR=89 SpO2=99 (raw:90/99 valid:1/1 sqi:1)
[2026-05-10 13:46:47.689] [GetTemp--2147478764]:i2c write failed
[2026-05-10 13:46:47.689] 1929,79,99,0.0
[2026-05-10 13:46:48.010] [GetTemp--2147478764]:i2c write failed
[2026-05-10 13:46:48.010] 1930,79,99,0.0
[2026-05-10 13:46:48.105] [GetTemp--2147478764]:i2c write failed
[2026-05-10 13:46:48.108] 1931,79,99,0.0
[2026-05-10 13:46:48.202] [GetTemp--2147478764]:i2c write failed
[2026-05-10 13:46:48.202] 1932,79,99,0.0
[2026-05-10 13:46:48.298] [GetTemp--2147478764]:i2c write failed
[2026-05-10 13:46:48.298] 1933,79,99,0.0
[2026-05-10 13:46:48.410] [GetTemp--2147478764]:i2c write failed
[2026-05-10 13:46:48.412] 1934,79,99,0.0
[2026-05-10 13:46:48.714] [GetTemp--2147478764]:i2c write failed
[2026-05-10 13:46:48.716] 1935,79,99,0.0
[2026-05-10 13:46:48.778] HR=89 SpO2=99 (raw:92/98 valid:1/1 sqi:1)
[2026-05-10 13:46:48.810] [GetTemp--2147478764]:i2c write failed
[2026-05-10 13:46:48.810] 1936,79,99,0.0
[2026-05-10 13:46:48.906] [GetTemp--2147478764]:i2c write failed
[2026-05-10 13:46:48.910] 1937,79,99,0.0
[2026-05-10 13:46:49.018] [GetTemp--2147478764]:i2c write failed
[2026-05-10 13:46:49.018] 1938,79,99,0.0
[2026-05-10 13:46:49.114] [GetTemp--2147478764]:i2c write failed
[2026-05-10 13:46:49.116] 1939,79,99,0.0
[2026-05-10 13:46:49.419] [GetTemp--2147478764]:i2c write failed
[2026-05-10 13:46:49.421] 1940,79,99,0.0
[2026-05-10 13:46:49.530] [GetTemp--2147478764]:i2c write failed
[2026-05-10 13:46:49.532] 1941,79,99,0.0
[2026-05-10 13:46:49.626] [GetTemp--2147478764]:i2c write failed
[2026-05-10 13:46:49.626] 1942,79,99,0.0
[2026-05-10 13:46:49.722] [GetTemp--2147478764]:i2c write failed
[2026-05-10 13:46:49.724] 1943,79,99,0.0
[2026-05-10 13:46:49.817] HR=90 SpO2=99 (raw:92/98 valid:1/1 sqi:1)
[2026-05-10 13:46:49.817] [GetTemp--2147478764]:i2c write failed
[2026-05-10 13:46:49.817] 1944,80,99,0.0
[2026-05-10 13:46:50.138] [GetTemp--2147478764]:i2c write failed
[2026-05-10 13:46:50.140] 1945,80,99,0.0
[2026-05-10 13:46:50.234] [GetTemp--2147478764]:i2c write failed
[2026-05-10 13:46:50.234] 1946,80,99,0.0
[2026-05-10 13:46:50.330] [GetTemp--2147478764]:i2c write failed
[2026-05-10 13:46:50.332] 1947,80,99,0.0
[2026-05-10 13:46:50.427] [GetTemp--2147478764]:i2c write failed
[2026-05-10 13:46:50.427] 1948,80,99,0.0
[2026-05-10 13:46:50.539] [GetTemp--2147478764]:i2c write failed
[2026-05-10 13:46:50.541] 1949,80,99,0.0
[2026-05-10 13:46:50.747] ReadLicenseData(), failed to get licdata string
[2026-05-10 13:46:50.749] VerifyLicense(), cannot read license data files
[2026-05-10 13:46:50.762] license_task_main() verify license invalid, reboot after 56 mins
[2026-05-10 13:46:50.859] [GetTemp--2147478764]:i2c write failed
[2026-05-10 13:46:50.859] 1950,80,99,0.0
[2026-05-10 13:46:50.955] [GetTemp--2147478764]:i2c write failed
[2026-05-10 13:46:50.959] 1951,80,99,0.0
[2026-05-10 13:46:51.052] [GetTemp--2147478764]:i2c write failed
[2026-05-10 13:46:51.054] 1952,80,99,0.0
[2026-05-10 13:46:51.069] HR=92 SpO2=98 (raw:92/98 valid:1/1 sqi:1)
[2026-05-10 13:46:51.147] [GetTemp--2147478764]:i2c write failed
[2026-05-10 13:46:51.149] 1953,82,98,0.0
[2026-05-10 13:46:51.260] [GetTemp--2147478764]:i2c write failed
[2026-05-10 13:46:51.260] 1954,82,98,0.0
[2026-05-10 13:46:51.563] [GetTemp--2147478764]:i2c write failed
[2026-05-10 13:46:51.565] 1955,82,98,0.0
[2026-05-10 13:46:51.659] [GetTemp--2147478764]:i2c write failed
[2026-05-10 13:46:51.659] 1956,82,98,0.0
[2026-05-10 13:46:51.771] [GetTemp--2147478764]:i2c write failed
[2026-05-10 13:46:51.771] 1957,82,98,0.0
[2026-05-10 13:46:51.867] [GetTemp--2147478764]:i2c write failed
[2026-05-10 13:46:51.871] 1958,82,98,0.0
[2026-05-10 13:46:51.963] [GetTemp--2147478764]:i2c write failed
[2026-05-10 13:46:51.965] 1959,82,98,0.0
[2026-05-10 13:46:52.188] HR=92 SpO2=98 (raw:93/98 valid:1/1 sqi:1)
[2026-05-10 13:46:52.268] [GetTemp--2147478764]:i2c write failed
[2026-05-10 13:46:52.268] 1960,82,98,0.0
[2026-05-10 13:46:52.380] [GetTemp--2147478764]:i2c write failed
[2026-05-10 13:46:52.383] 1961,82,98,0.0
[2026-05-10 13:46:52.478] [GetTemp--2147478764]:i2c write failed
[2026-05-10 13:46:52.478] 1962,82,98,0.0
[2026-05-10 13:46:52.574] [GetTemp--2147478764]:i2c write failed
[2026-05-10 13:46:52.576] 1963,82,98,0.0
[2026-05-10 13:46:52.670] [GetTemp--2147478764]:i2c write failed
[2026-05-10 13:46:52.676] 1964,82,98,0.0
[2026-05-10 13:46:52.991] [GetTemp--2147478764]:i2c write failed
[2026-05-10 13:46:52.993] 1965,82,98,0.0
[2026-05-10 13:46:53.087] [GetTemp--2147478764]:i2c write failed
[2026-05-10 13:46:53.087] 1966,82,98,0.0
[2026-05-10 13:46:53.182] [GetTemp--2147478764]:i2c write failed
[2026-05-10 13:46:53.184] 1967,82,98,0.0
[2026-05-10 13:46:53.214] HR=92 SpO2=98 (raw:89/98 valid:1/1 sqi:1)
[2026-05-10 13:46:53.277] [GetTemp--2147478764]:i2c write failed
[2026-05-10 13:46:53.293] 1968,82,98,0.0
[2026-05-10 13:46:53.390] [GetTemp--2147478764]:i2c write failed
[2026-05-10 13:46:53.394] 1969,82,98,0.0
[2026-05-10 13:46:53.694] [GetTemp--2147478764]:i2c write failed
[2026-05-10 13:46:53.695] 1970,82,98,0.0
[2026-05-10 13:46:53.790] [GetTemp--2147478764]:i2c write failed
[2026-05-10 13:46:53.790] 1971,82,98,0.0
[2026-05-10 13:46:53.901] [GetTemp--2147478764]:i2c write failed
[2026-05-10 13:46:53.901] 1972,82,98,0.0
[2026-05-10 13:46:53.998] [GetTemp--2147478764]:i2c write failed
[2026-05-10 13:46:53.999] 1973,82,98,0.0
[2026-05-10 13:46:54.094] [GetTemp--2147478764]:i2c write failed
[2026-05-10 13:46:54.096] 1974,82,98,0.0
[2026-05-10 13:46:54.319] HR=92 SpO2=98 (raw:90/99 valid:1/1 sqi:1)
[2026-05-10 13:46:54.399] [GetTemp--2147478764]:i2c write failed
[2026-05-10 13:46:54.399] 1975,82,98,0.0
[2026-05-10 13:46:54.511] [GetTemp--2147478764]:i2c write failed
[2026-05-10 13:46:54.513] 1976,82,98,0.0
[2026-05-10 13:46:54.607] [GetTemp--2147478764]:i2c write failed
[2026-05-10 13:46:54.607] 1977,82,98,0.0
[2026-05-10 13:46:54.704] [GetTemp--2147478764]:i2c write failed
[2026-05-10 13:46:54.704] 1978,82,98,0.0
[2026-05-10 13:46:54.799] [GetTemp--2147478764]:i2c write failed
[2026-05-10 13:46:54.801] 1979,82,98,0.0
[2026-05-10 13:46:55.120] [GetTemp--2147478764]:i2c write failed
[2026-05-10 13:46:55.122] 1980,82,98,0.0
[2026-05-10 13:46:55.216] [GetTemp--2147478764]:i2c write failed
[2026-05-10 13:46:55.216] 1981,82,98,0.0
[2026-05-10 13:46:55.311] [GetTemp--2147478764]:i2c write failed
[2026-05-10 13:46:55.311] 1982,82,98,0.0
[2026-05-10 13:46:55.407] [GetTemp--2147478764]:i2c write failed
[2026-05-10 13:46:55.407] 1983,82,98,0.0
[2026-05-10 13:46:55.502] HR=92 SpO2=98 (raw:92/98 valid:1/1 sqi:1)
[2026-05-10 13:46:55.509] [GetTemp--2147478764]:i2c write failed
[2026-05-10 13:46:55.511] 1984,82,98,0.0
[2026-05-10 13:46:55.823] [GetTemp--2147478764]:i2c write failed
[2026-05-10 13:46:55.823] 1985,82,98,0.0
[2026-05-10 13:46:55.906] [GetTemp--2147478764]:i2c write failed
[2026-05-10 13:46:55.919] 1986,82,98,0.0
[2026-05-10 13:46:56.016] [GetTemp--2147478764]:i2c write failed
[2026-05-10 13:46:56.019] 1987,82,98,0.0
[2026-05-10 13:46:56.107] [GetTemp--2147478764]:i2c write failed
[2026-05-10 13:46:56.107] 1988,82,98,0.0
[2026-05-10 13:46:56.203] [GetTemp--2147478764]:i2c write failed
[2026-05-10 13:46:56.218] 1989,82,98,0.0
[2026-05-10 13:46:56.520] [GetTemp--2147478764]:i2c write failed
[2026-05-10 13:46:56.528] 1990,82,98,0.0
[2026-05-10 13:46:56.584] HR=92 SpO2=98 (raw:96/98 valid:1/1 sqi:1)
[2026-05-10 13:46:56.616] [GetTemp--2147478764]:i2c write failed
[2026-05-10 13:46:56.627] 1991,82,98,0.0
[2026-05-10 13:46:56.711] [GetTemp--2147478764]:i2c write failed
[2026-05-10 13:46:56.727] 1992,82,98,0.0
[2026-05-10 13:46:56.825] [GetTemp--2147478764]:i2c write failed
[2026-05-10 13:46:56.829] 1993,82,98,0.0
[2026-05-10 13:46:56.934] [GetTemp--2147478764]:i2c write failed
[2026-05-10 13:46:56.934] 1994,82,98,0.0
[2026-05-10 13:46:57.239] [GetTemp--2147478764]:i2c write failed
[2026-05-10 13:46:57.241] 1995,82,98,0.0
[2026-05-10 13:46:57.350] [GetTemp--2147478764]:i2c write failed
[2026-05-10 13:46:57.352] 1996,82,98,0.0
[2026-05-10 13:46:57.446] [GetTemp--2147478764]:i2c write failed
[2026-05-10 13:46:57.446] 1997,82,98,0.0
[2026-05-10 13:46:57.542] [GetTemp--2147478764]:i2c write failed
[2026-05-10 13:46:57.544] 1998,82,98,0.0
[2026-05-10 13:46:57.638] HR=92 SpO2=98 (raw:105/97 valid:1/1 sqi:1)
[2026-05-10 13:46:57.641] [GetTemp--2147478764]:i2c write failed
[2026-05-10 13:46:57.642] 1999,82,98,0.0
[2026-05-10 13:46:57.957] [GetTemp--2147478764]:i2c write failed
[2026-05-10 13:46:57.957] 2000,82,98,0.0
[2026-05-10 13:46:58.053] [GetTemp--2147478764]:i2c write failed
[2026-05-10 13:46:58.055] 2001,82,98,0.0
[2026-05-10 13:46:58.149] [GetTemp--2147478764]:i2c write failed
[2026-05-10 13:46:58.153] 2002,82,98,0.0
[2026-05-10 13:46:58.261] [GetTemp--2147478764]:i2c write failed
[2026-05-10 13:46:58.264] 2003,82,98,0.0
[2026-05-10 13:46:58.358] [GetTemp--2147478764]:i2c write failed
[2026-05-10 13:46:58.360] 2004,82,98,0.0
[2026-05-10 13:46:58.660] [GetTemp--2147478764]:i2c write failed
[2026-05-10 13:46:58.676] 2005,82,98,0.0
[2026-05-10 13:46:58.740] HR=96 SpO2=98 (raw:107/97 valid:1/1 sqi:1)
[2026-05-10 13:46:58.772] [GetTemp--2147478764]:i2c write failed
[2026-05-10 13:46:58.772] 2006,86,98,0.0
[2026-05-10 13:46:58.868] [GetTemp--2147478764]:i2c write failed
[2026-05-10 13:46:58.870] 2007,86,98,0.0
[2026-05-10 13:46:58.964] [GetTemp--2147478764]:i2c write failed
[2026-05-10 13:46:58.966] 2008,86,98,0.0
[2026-05-10 13:46:59.060] [GetTemp--2147478764]:i2c write failed
[2026-05-10 13:46:59.075] 2009,86,98,0.0
[2026-05-10 13:46:59.378] [GetTemp--2147478764]:i2c write failed
[2026-05-10 13:46:59.380] 2010,86,98,0.0
[2026-05-10 13:46:59.474] [GetTemp--2147478764]:i2c write failed
[2026-05-10 13:46:59.474] 2011,86,98,0.0
[2026-05-10 13:46:59.570] [GetTemp--2147478764]:i2c write failed
[2026-05-10 13:46:59.572] 2012,86,98,0.0
[2026-05-10 13:46:59.666] [GetTemp--2147478764]:i2c write failed
[2026-05-10 13:46:59.666] 2013,86,98,0.0
[2026-05-10 13:46:59.779] [GetTemp--2147478764]:i2c write failed
[2026-05-10 13:46:59.779] 2014,86,98,0.0
